Component: Arm Compiler for Embedded 6.18 Tool: armlink [5e4cc100]

==============================================================================

Section Cross References

    startup_stm32f030x6.o(STACK) refers (Special) to heapauxi.o(.text) for __use_two_region_memory
    startup_stm32f030x6.o(HEAP) refers (Special) to heapauxi.o(.text) for __use_two_region_memory
    startup_stm32f030x6.o(RESET) refers (Special) to heapauxi.o(.text) for __use_two_region_memory
    startup_stm32f030x6.o(RESET) refers to startup_stm32f030x6.o(STACK) for __initial_sp
    startup_stm32f030x6.o(RESET) refers to startup_stm32f030x6.o(.text) for Reset_Handler
    startup_stm32f030x6.o(RESET) refers to stm32f0xx_it.o(.text.NMI_Handler) for NMI_Handler
    startup_stm32f030x6.o(RESET) refers to stm32f0xx_it.o(.text.HardFault_Handler) for HardFault_Handler
    startup_stm32f030x6.o(RESET) refers to stm32f0xx_it.o(.text.SVC_Handler) for SVC_Handler
    startup_stm32f030x6.o(RESET) refers to stm32f0xx_it.o(.text.PendSV_Handler) for PendSV_Handler
    startup_stm32f030x6.o(RESET) refers to stm32f0xx_it.o(.text.SysTick_Handler) for SysTick_Handler
    startup_stm32f030x6.o(RESET) refers to stm32f0xx_it.o(.text.EXTI0_1_IRQHandler) for EXTI0_1_IRQHandler
    startup_stm32f030x6.o(RESET) refers to stm32f0xx_it.o(.text.EXTI4_15_IRQHandler) for EXTI4_15_IRQHandler
    startup_stm32f030x6.o(RESET) refers to stm32f0xx_it.o(.text.DMA1_Channel1_IRQHandler) for DMA1_Channel1_IRQHandler
    startup_stm32f030x6.o(RESET) refers to stm32f0xx_it.o(.text.DMA1_Channel2_3_IRQHandler) for DMA1_Channel2_3_IRQHandler
    startup_stm32f030x6.o(RESET) refers to stm32f0xx_it.o(.text.ADC1_IRQHandler) for ADC1_IRQHandler
    startup_stm32f030x6.o(RESET) refers to stm32f0xx_it.o(.text.TIM1_CC_IRQHandler) for TIM1_CC_IRQHandler
    startup_stm32f030x6.o(RESET) refers to stm32f0xx_it.o(.text.TIM3_IRQHandler) for TIM3_IRQHandler
    startup_stm32f030x6.o(RESET) refers to stm32f0xx_it.o(.text.TIM14_IRQHandler) for TIM14_IRQHandler
    startup_stm32f030x6.o(RESET) refers to stm32f0xx_it.o(.text.TIM16_IRQHandler) for TIM16_IRQHandler
    startup_stm32f030x6.o(RESET) refers to stm32f0xx_it.o(.text.I2C1_IRQHandler) for I2C1_IRQHandler
    startup_stm32f030x6.o(.text) refers (Special) to heapauxi.o(.text) for __use_two_region_memory
    startup_stm32f030x6.o(.text) refers to system_stm32f0xx.o(.text.SystemInit) for SystemInit
    startup_stm32f030x6.o(.text) refers to __main.o(!!!main) for __main
    startup_stm32f030x6.o(.text) refers to startup_stm32f030x6.o(HEAP) for Heap_Mem
    startup_stm32f030x6.o(.text) refers to startup_stm32f030x6.o(STACK) for Stack_Mem
    main.o(.text.DelayStateMachine) refers to stm32f0xx_hal.o(.text.HAL_GetTick) for HAL_GetTick
    main.o(.text.DelayStateMachine) refers to main.o(.bss.DelayStateMachine.prevTick) for [Anonymous Symbol]
    main.o(.ARM.exidx.text.DelayStateMachine) refers to main.o(.text.DelayStateMachine) for [Anonymous Symbol]
    main.o(.text.HAL_GPIO_EXTI_Callback) refers to stm32f0xx_hal_gpio.o(.text.HAL_GPIO_TogglePin) for HAL_GPIO_TogglePin
    main.o(.text.HAL_GPIO_EXTI_Callback) refers to stm32f0xx_hal.o(.text.HAL_GetTick) for HAL_GetTick
    main.o(.text.HAL_GPIO_EXTI_Callback) refers to main.o(.bss.last_press_tick) for last_press_tick
    main.o(.text.HAL_GPIO_EXTI_Callback) refers to main.o(.bss.PRESSED_KEY) for PRESSED_KEY
    main.o(.ARM.exidx.text.HAL_GPIO_EXTI_Callback) refers to main.o(.text.HAL_GPIO_EXTI_Callback) for [Anonymous Symbol]
    main.o(.text.HAL_TIM_PWM_PulseFinishedCallback) refers to stm32f0xx_hal_gpio.o(.text.HAL_GPIO_WritePin) for HAL_GPIO_WritePin
    main.o(.text.HAL_TIM_PWM_PulseFinishedCallback) refers to stm32f0xx_hal_tim.o(.text.HAL_TIM_PWM_Stop_IT) for HAL_TIM_PWM_Stop_IT
    main.o(.text.HAL_TIM_PWM_PulseFinishedCallback) refers to stm32f0xx_hal_tim_ex.o(.text.HAL_TIMEx_PWMN_Stop_IT) for HAL_TIMEx_PWMN_Stop_IT
    main.o(.text.HAL_TIM_PWM_PulseFinishedCallback) refers to tim.o(.bss.htim1) for htim1
    main.o(.text.HAL_TIM_PWM_PulseFinishedCallback) refers to main.o(.bss.pulse) for pulse
    main.o(.text.HAL_TIM_PWM_PulseFinishedCallback) refers to main.o(.bss.AdcConvStart) for AdcConvStart
    main.o(.ARM.exidx.text.HAL_TIM_PWM_PulseFinishedCallback) refers to main.o(.text.HAL_TIM_PWM_PulseFinishedCallback) for [Anonymous Symbol]
    main.o(.text.HAL_TIM_PeriodElapsedCallback) refers to stm32f0xx_hal_i2c.o(.text.HAL_I2C_Slave_Receive_DMA) for HAL_I2C_Slave_Receive_DMA
    main.o(.text.HAL_TIM_PeriodElapsedCallback) refers to stm32f0xx_hal_gpio.o(.text.HAL_GPIO_WritePin) for HAL_GPIO_WritePin
    main.o(.text.HAL_TIM_PeriodElapsedCallback) refers to main.o(.text.bintogray) for bintogray
    main.o(.text.HAL_TIM_PeriodElapsedCallback) refers to stm32f0xx_hal_tim.o(.text.HAL_TIM_Base_Stop_IT) for HAL_TIM_Base_Stop_IT
    main.o(.text.HAL_TIM_PeriodElapsedCallback) refers to tim.o(.bss.htim3) for htim3
[...]
    I2C_Enable_IRQ                           0x080050ad   Thumb Code   312  stm32f0xx_hal_i2c.o(.text.I2C_Enable_IRQ)
    [Anonymous Symbol]                       0x080050ac   Section        0  stm32f0xx_hal_i2c.o(.text.I2C_Enable_IRQ)
    __arm_cp.16_0                            0x080051e4   Number         4  stm32f0xx_hal_i2c.o(.text.I2C_Enable_IRQ)
    __arm_cp.16_1                            0x080051e8   Number         4  stm32f0xx_hal_i2c.o(.text.I2C_Enable_IRQ)
    __arm_cp.16_2                            0x080051ec   Number         4  stm32f0xx_hal_i2c.o(.text.I2C_Enable_IRQ)
    I2C_Flush_TXDR                           0x080051f1   Thumb Code    64  stm32f0xx_hal_i2c.o(.text.I2C_Flush_TXDR)
    [Anonymous Symbol]                       0x080051f0   Section        0  stm32f0xx_hal_i2c.o(.text.I2C_Flush_TXDR)
    I2C_ITAddrCplt                           0x08005231   Thumb Code   300  stm32f0xx_hal_i2c.o(.text.I2C_ITAddrCplt)
    [Anonymous Symbol]                       0x08005230   Section        0  stm32f0xx_hal_i2c.o(.text.I2C_ITAddrCplt)
    __arm_cp.78_0                            0x0800535c   Number         4  stm32f0xx_hal_i2c.o(.text.I2C_ITAddrCplt)
    I2C_ITError                              0x08005361   Thumb Code   480  stm32f0xx_hal_i2c.o(.text.I2C_ITError)
    [Anonymous Symbol]                       0x08005360   Section        0  stm32f0xx_hal_i2c.o(.text.I2C_ITError)
    __arm_cp.59_2                            0x08005540   Number         4  stm32f0xx_hal_i2c.o(.text.I2C_ITError)
    __arm_cp.59_3                            0x08005544   Number         4  stm32f0xx_hal_i2c.o(.text.I2C_ITError)
    I2C_ITListenCplt                         0x08005549   Thumb Code   152  stm32f0xx_hal_i2c.o(.text.I2C_ITListenCplt)
    [Anonymous Symbol]                       0x08005548   Section        0  stm32f0xx_hal_i2c.o(.text.I2C_ITListenCplt)
    __arm_cp.76_0                            0x080055e0   Number         4  stm32f0xx_hal_i2c.o(.text.I2C_ITListenCplt)
    __arm_cp.76_1                            0x080055e4   Number         4  stm32f0xx_hal_i2c.o(.text.I2C_ITListenCplt)
    I2C_ITMasterCplt                         0x080055e9   Thumb Code   428  stm32f0xx_hal_i2c.o(.text.I2C_ITMasterCplt)
    [Anonymous Symbol]                       0x080055e8   Section        0  stm32f0xx_hal_i2c.o(.text.I2C_ITMasterCplt)
    __arm_cp.74_0                            0x08005794   Number         4  stm32f0xx_hal_i2c.o(.text.I2C_ITMasterCplt)
    __arm_cp.74_1                            0x08005798   Number         4  stm32f0xx_hal_i2c.o(.text.I2C_ITMasterCplt)
    I2C_ITMasterSeqCplt                      0x0800579d   Thumb Code   126  stm32f0xx_hal_i2c.o(.text.I2C_ITMasterSeqCplt)
    [Anonymous Symbol]                       0x0800579c   Section        0  stm32f0xx_hal_i2c.o(.text.I2C_ITMasterSeqCplt)
    I2C_ITSlaveCplt                          0x0800581d   Thumb Code   552  stm32f0xx_hal_i2c.o(.text.I2C_ITSlaveCplt)
    [Anonymous Symbol]                       0x0800581c   Section        0  stm32f0xx_hal_i2c.o(.text.I2C_ITSlaveCplt)
    __arm_cp.75_0                            0x08005a44   Number         4  stm32f0xx_hal_i2c.o(.text.I2C_ITSlaveCplt)
    __arm_cp.75_1                            0x08005a48   Number         4  stm32f0xx_hal_i2c.o(.text.I2C_ITSlaveCplt)
    __arm_cp.75_2                            0x08005a4c   Number         4  stm32f0xx_hal_i2c.o(.text.I2C_ITSlaveCplt)
    I2C_ITSlaveSeqCplt                       0x08005a51   Thumb Code   202  stm32f0xx_hal_i2c.o(.text.I2C_ITSlaveSeqCplt)
    [Anonymous Symbol]                       0x08005a50   Section        0  stm32f0xx_hal_i2c.o(.text.I2C_ITSlaveSeqCplt)
    I2C_Master_ISR_DMA                       0x08005b1d   Thumb Code   544  stm32f0xx_hal_i2c.o(.text.I2C_Master_ISR_DMA)
    [Anonymous Symbol]                       0x08005b1c   Section        0  stm32f0xx_hal_i2c.o(.text.I2C_Master_ISR_DMA)
    __arm_cp.22_0                            0x08005d3c   Number         4  stm32f0xx_hal_i2c.o(.text.I2C_Master_ISR_DMA)
    __arm_cp.22_1                            0x08005d40   Number         4  stm32f0xx_hal_i2c.o(.text.I2C_Master_ISR_DMA)
    I2C_Mem_ISR_DMA                          0x08005d45   Thumb Code   624  stm32f0xx_hal_i2c.o(.text.I2C_Mem_ISR_DMA)
    [Anonymous Symbol]                       0x08005d44   Section        0  stm32f0xx_hal_i2c.o(.text.I2C_Mem_ISR_DMA)
    __arm_cp.40_0                            0x08005fb4   Number         4  stm32f0xx_hal_i2c.o(.text.I2C_Mem_ISR_DMA)
    __arm_cp.40_1                            0x08005fb8   Number         4  stm32f0xx_hal_i2c.o(.text.I2C_Mem_ISR_DMA)
    I2C_Slave_ISR_DMA                        0x08005fbd   Thumb Code   560  stm32f0xx_hal_i2c.o(.text.I2C_Slave_ISR_DMA)
    [Anonymous Symbol]                       0x08005fbc   Section        0  stm32f0xx_hal_i2c.o(.text.I2C_Slave_ISR_DMA)
    I2C_Slave_ISR_IT                         0x080061ed   Thumb Code   580  stm32f0xx_hal_i2c.o(.text.I2C_Slave_ISR_IT)
    [Anonymous Symbol]                       0x080061ec   Section        0  stm32f0xx_hal_i2c.o(.text.I2C_Slave_ISR_IT)
    __arm_cp.19_0                            0x08006430   Number         4  stm32f0xx_hal_i2c.o(.text.I2C_Slave_ISR_IT)
    I2C_TransferConfig                       0x08006435   Thumb Code    76  stm32f0xx_hal_i2c.o(.text.I2C_TransferConfig)
    [Anonymous Symbol]                       0x08006434   Section        0  stm32f0xx_hal_i2c.o(.text.I2C_TransferConfig)
    __arm_cp.6_0                             0x08006480   Number         4  stm32f0xx_hal_i2c.o(.text.I2C_TransferConfig)
    __arm_cp.6_1                             0x08006484   Number         4  stm32f0xx_hal_i2c.o(.text.I2C_TransferConfig)
    I2C_TreatErrorCallback                   0x08006489   Thumb Code    82  stm32f0xx_hal_i2c.o(.text.I2C_TreatErrorCallback)
    [Anonymous Symbol]                       0x08006488   Section        0  stm32f0xx_hal_i2c.o(.text.I2C_TreatErrorCallback)
    [Anonymous Symbol]                       0x080064dc   Section        0  adc.o(.text.MX_ADC_Init)
    __arm_cp.0_0                             0x0800654c   Number         4  adc.o(.text.MX_ADC_Init)
    __arm_cp.0_1                             0x08006550   Number         4  adc.o(.text.MX_ADC_Init)
    [Anonymous Symbol]                       0x08006554   Section        0  dma.o(.text.MX_DMA_Init)
    [Anonymous Symbol]                       0x08006598   Section        0  gpio.o(.text.MX_GPIO_Init)
    __arm_cp.0_0                             0x080066d8   Number         4  gpio.o(.text.MX_GPIO_Init)
    __arm_cp.0_1                             0x080066dc   Number         4  gpio.o(.text.MX_GPIO_Init)
    [Anonymous Symbol]                       0x080066e0   Section        0  i2c.o(.text.MX_I2C1_Init)
    __arm_cp.0_0                             0x08006740   Number         4  i2c.o(.text.MX_I2C1_Init)
    __arm_cp.0_1                             0x08006744   Number         4  i2c.o(.text.MX_I2C1_Init)
    __arm_cp.0_2                             0x08006748   Number         4  i2c.o(.text.MX_I2C1_Init)
    [Anonymous Symbol]                       0x0800674c   Section        0  tim.o(.text.MX_TIM14_Init)
    __arm_cp.3_1                             0x08006778   Number         4  tim.o(.text.MX_TIM14_Init)
    __arm_cp.3_2                             0x0800677c   Number         4  tim.o(.text.MX_TIM14_Init)
    __arm_cp.3_3                             0x08006780   Number         4  tim.o(.text.MX_TIM14_Init)
    [Anonymous Symbol]                       0x08006784   Section        0  tim.o(.text.MX_TIM16_Init)
    __arm_cp.4_2                             0x080067b8   Number         4  tim.o(.text.MX_TIM16_Init)
    [Anonymous Symbol]                       0x080067bc   Section        0  tim.o(.text.MX_TIM1_Init)
    [Anonymous Symbol]                       0x080068c0   Section        0  tim.o(.text.MX_TIM3_Init)
    [Anonymous Symbol]                       0x08006930   Section        0  stm32f0xx_it.o(.text.NMI_Handler)
    [Anonymous Symbol]                       0x0800693a   Section        0  stm32f0xx_it.o(.text.PendSV_Handler)
    [Anonymous Symbol]                       0x0800693c   Section        0  stm32f0xx_it.o(.text.SVC_Handler)
    SysTick_Config                           0x08006941   Thumb Code    68  stm32f0xx_hal_cortex.o(.text.SysTick_Config)
    [Anonymous Symbol]                       0x08006940   Section        0  stm32f0xx_hal_cortex.o(.text.SysTick_Config)
    __arm_cp.9_0                             0x08006984   Number         4  stm32f0xx_hal_cortex.o(.text.SysTick_Config)
    __arm_cp.9_1                             0x08006988   Number         4  stm32f0xx_hal_cortex.o(.text.SysTick_Config)
    __arm_cp.9_2                             0x0800698c   Number         4  stm32f0xx_hal_cortex.o(.text.SysTick_Config)
    [Anonymous Symbol]                       0x08006990   Section        0  stm32f0xx_it.o(.text.SysTick_Handler)
    [Anonymous Symbol]                       0x08006998   Section        0  main.o(.text.SystemClock_Config)
    [Anonymous Symbol]                       0x08006a2c   Section        0  system_stm32f0xx.o(.text.SystemInit)
    [Anonymous Symbol]                       0x08006a30   Section        0  stm32f0xx_it.o(.text.TIM14_IRQHandler)
    __arm_cp.12_0                            0x08006a3c   Number         4  stm32f0xx_it.o(.text.TIM14_IRQHandler)
    [Anonymous Symbol]                       0x08006a40   Section        0  stm32f0xx_it.o(.text.TIM16_IRQHandler)
    __arm_cp.13_0                            0x08006a4c   Number         4  stm32f0xx_it.o(.text.TIM16_IRQHandler)
    [Anonymous Symbol]                       0x08006a50   Section        0  stm32f0xx_it.o(.text.TIM1_CC_IRQHandler)
    __arm_cp.10_0                            0x08006a5c   Number         4  stm32f0xx_it.o(.text.TIM1_CC_IRQHandler)
    [Anonymous Symbol]                       0x08006a60   Section        0  stm32f0xx_it.o(.text.TIM3_IRQHandler)
    __arm_cp.11_0                            0x08006a6c   Number         4  stm32f0xx_it.o(.text.TIM3_IRQHandler)
    [Anonymous Symbol]                       0x08006a70   Section        0  stm32f0xx_hal_tim.o(.text.TIM_Base_SetConfig)
    __arm_cp.2_0                             0x08006b44   Number         4  stm32f0xx_hal_tim.o(.text.TIM_Base_SetConfig)
    __arm_cp.2_1                             0x08006b48   Number         4  stm32f0xx_hal_tim.o(.text.TIM_Base_SetConfig)
    __arm_cp.2_2                             0x08006b4c   Number         4  stm32f0xx_hal_tim.o(.text.TIM_Base_SetConfig)
    __arm_cp.2_3                             0x08006b50   Number         4  stm32f0xx_hal_tim.o(.text.TIM_Base_SetConfig)
    [Anonymous Symbol]                       0x08006b54   Section        0  stm32f0xx_hal_tim.o(.text.TIM_CCxChannelCmd)
    TIM_CCxNChannelCmd                       0x08006b87   Thumb Code    50  stm32f0xx_hal_tim_ex.o(.text.TIM_CCxNChannelCmd)
    [Anonymous Symbol]                       0x08006b86   Section        0  stm32f0xx_hal_tim_ex.o(.text.TIM_CCxNChannelCmd)
    [Anonymous Symbol]                       0x08006bb8   Section        0  stm32f0xx_hal_tim.o(.text.TIM_ETR_SetConfig)
    TIM_ITRx_SetConfig                       0x08006bef   Thumb Code    42  stm32f0xx_hal_tim.o(.text.TIM_ITRx_SetConfig)
    [Anonymous Symbol]                       0x08006bee   Section        0  stm32f0xx_hal_tim.o(.text.TIM_ITRx_SetConfig)
    TIM_OC1_SetConfig                        0x08006c19   Thumb Code   236  stm32f0xx_hal_tim.o(.text.TIM_OC1_SetConfig)
    [Anonymous Symbol]                       0x08006c18   Section        0  stm32f0xx_hal_tim.o(.text.TIM_OC1_SetConfig)
    [Anonymous Symbol]                       0x08006d04   Section        0  stm32f0xx_hal_tim.o(.text.TIM_OC2_SetConfig)
    __arm_cp.75_0                            0x08006e10   Number         4  stm32f0xx_hal_tim.o(.text.TIM_OC2_SetConfig)
    __arm_cp.75_1                            0x08006e14   Number         4  stm32f0xx_hal_tim.o(.text.TIM_OC2_SetConfig)
    __arm_cp.75_2                            0x08006e18   Number         4  stm32f0xx_hal_tim.o(.text.TIM_OC2_SetConfig)
    TIM_OC3_SetConfig                        0x08006e1d   Thumb Code   264  stm32f0xx_hal_tim.o(.text.TIM_OC3_SetConfig)
    [Anonymous Symbol]                       0x08006e1c   Section        0  stm32f0xx_hal_tim.o(.text.TIM_OC3_SetConfig)
    TIM_OC4_SetConfig                        0x08006f25   Thumb Code   172  stm32f0xx_hal_tim.o(.text.TIM_OC4_SetConfig)
    [Anonymous Symbol]                       0x08006f24   Section        0  stm32f0xx_hal_tim.o(.text.TIM_OC4_SetConfig)
    __arm_cp.77_0                            0x08006fd0   Number         4  stm32f0xx_hal_tim.o(.text.TIM_OC4_SetConfig)
    __arm_cp.77_1                            0x08006fd4   Number         4  stm32f0xx_hal_tim.o(.text.TIM_OC4_SetConfig)
    __arm_cp.77_2                            0x08006fd8   Number         4  stm32f0xx_hal_tim.o(.text.TIM_OC4_SetConfig)
    TIM_TI1_ConfigInputStage                 0x08006fdd   Thumb Code    80  stm32f0xx_hal_tim.o(.text.TIM_TI1_ConfigInputStage)
    [Anonymous Symbol]                       0x08006fdc   Section        0  stm32f0xx_hal_tim.o(.text.TIM_TI1_ConfigInputStage)
    TIM_TI2_ConfigInputStage                 0x0800702d   Thumb Code    84  stm32f0xx_hal_tim.o(.text.TIM_TI2_ConfigInputStage)
    [Anonymous Symbol]                       0x0800702c   Section        0  stm32f0xx_hal_tim.o(.text.TIM_TI2_ConfigInputStage)
    __NVIC_EnableIRQ                         0x08007081   Thumb Code    40  stm32f0xx_hal_cortex.o(.text.__NVIC_EnableIRQ)
    [Anonymous Symbol]                       0x08007080   Section        0  stm32f0xx_hal_cortex.o(.text.__NVIC_EnableIRQ)
    __arm_cp.3_0                             0x080070a8   Number         4  stm32f0xx_hal_cortex.o(.text.__NVIC_EnableIRQ)
    __NVIC_SetPriority                       0x080070ad   Thumb Code   124  stm32f0xx_hal_cortex.o(.text.__NVIC_SetPriority)
    [Anonymous Symbol]                       0x080070ac   Section        0  stm32f0xx_hal_cortex.o(.text.__NVIC_SetPriority)
    __arm_cp.1_0                             0x08007128   Number         4  stm32f0xx_hal_cortex.o(.text.__NVIC_SetPriority)
    __arm_cp.1_1                             0x0800712c   Number         4  stm32f0xx_hal_cortex.o(.text.__NVIC_SetPriority)
    [Anonymous Symbol]                       0x08007130   Section        0  main.o(.text.bintogray)
    [Anonymous Symbol]                       0x08007140   Section        0  main.o(.text.main)
    __arm_cp.8_0                             0x08007430   Number         4  main.o(.text.main)
    __arm_cp.8_1                             0x08007434   Number         4  main.o(.text.main)
    __arm_cp.8_2                             0x08007438   Number         4  main.o(.text.main)
    __arm_cp.8_3                             0x0800743c   Number         4  main.o(.text.main)
    __arm_cp.8_4                             0x08007440   Number         4  main.o(.text.main)
    __arm_cp.8_5                             0x08007444   Number         4  main.o(.text.main)
    __arm_cp.8_6                             0x08007448   Number         4  main.o(.text.main)
    __arm_cp.8_7                             0x0800744c   Number         4  main.o(.text.main)
    __arm_cp.8_8                             0x08007450   Number         4  main.o(.text.main)
    __arm_cp.8_9                             0x08007454   Number         4  main.o(.text.main)
    __arm_cp.8_10                            0x08007458   Number         4  main.o(.text.main)
    __arm_cp.8_11                            0x0800745c   Number         4  main.o(.text.main)
    __arm_cp.8_12                            0x08007460   Number         4  main.o(.text.main)
    __arm_cp.8_13                            0x08007464   Number         4  main.o(.text.main)
    __arm_cp.8_14                            0x08007468   Number         4  main.o(.text.main)
    __arm_cp.8_15                            0x0800746c   Number         4  main.o(.text.main)
    __arm_cp.8_16                            0x08007470   Number         4  main.o(.text.main)
    __arm_cp.8_17                            0x08007474   Number         4  main.o(.text.main)
    __arm_cp.8_18                            0x08007478   Number         4  main.o(.text.main)
    __arm_cp.8_19                            0x0800747c   Number         4  main.o(.text.main)
    __arm_cp.8_20                            0x08007480   Number         4  main.o(.text.main)
    __arm_cp.8_21                            0x08007484   Number         4  main.o(.text.main)
    __arm_cp.8_22                            0x08007488   Number         4  main.o(.text.main)
    __arm_cp.8_23                            0x0800748c   Number         4  main.o(.text.main)
    __arm_cp.8_24                            0x08007490   Number         4  main.o(.text.main)
    __arm_cp.8_25                            0x08007494   Number         4  main.o(.text.main)
    __arm_cp.8_26                            0x08007498   Number         4  main.o(.text.main)
    __arm_cp.8_27                            0x0800749c   Number         4  main.o(.text.main)
    __arm_cp.8_28                            0x080074a0   Number         4  main.o(.text.main)
    __arm_cp.8_29                            0x080074a4   Number         4  main.o(.text.main)
    __arm_cp.8_30                            0x080074a8   Number         4  main.o(.text.main)
    __arm_cp.8_31                            0x080074ac   Number         4  main.o(.text.main)
    __arm_cp.8_32                            0x080074b0   Number         4  main.o(.text.main)
    i._fgeq                                  0x080074b4   Section        0  fcmp.o(i._fgeq)
    i._fleq                                  0x080074ca   Section        0  fcmp.o(i._fleq)
    x$fpl$fadd                               0x080074e4   Section      140  faddsub.o(x$fpl$fadd)
    _fadd1                                   0x080074f1   Thumb Code     0  faddsub.o(x$fpl$fadd)
    x$fpl$fgeqf                              0x08007570   Section       84  fgef.o(x$fpl$fgeqf)
    x$fpl$fleqf                              0x080075c4   Section       84  flef.o(x$fpl$fleqf)
    x$fpl$fmul                               0x08007618   Section      176  fmul.o(x$fpl$fmul)
    x$fpl$fsub                               0x080076c8   Section      208  faddsub.o(x$fpl$fsub)
    _fsub1                                   0x080076d5   Thumb Code     0  faddsub.o(x$fpl$fsub)
    ddiv_reciptbl                            0x08007798   Data         128  ddiv.o(.constdata)
    .constdata                               0x08007798   Section      128  ddiv.o(.constdata)
    x$fpl$usenofp                            0x08007798   Section        0  usenofp.o(x$fpl$usenofp)
    fdiv_tab                                 0x08007818   Data          64  fdiv.o(.constdata)
    .constdata                               0x08007818   Section       64  fdiv.o(.constdata)
    HAL_RCC_GetSysClockFreq.aPLLMULFactorTable 0x08007868   Data          16  stm32f0xx_hal_rcc.o(.rodata.HAL_RCC_GetSysClockFreq.aPLLMULFactorTable)
    [Anonymous Symbol]                       0x08007868   Section        0  stm32f0xx_hal_rcc.o(.rodata.HAL_RCC_GetSysClockFreq.aPLLMULFactorTable)
    HAL_RCC_GetSysClockFreq.aPredivFactorTable 0x08007878   Data          16  stm32f0xx_hal_rcc.o(.rodata.HAL_RCC_GetSysClockFreq.aPredivFactorTable)
    [Anonymous Symbol]                       0x08007878   Section        0  stm32f0xx_hal_rcc.o(.rodata.HAL_RCC_GetSysClockFreq.aPredivFactorTable)
    .bss                                     0x20000010   Section       96  libspace.o(.bss)
    Heap_Mem                                 0x20000410   Data         512  startup_stm32f030x6.o(HEAP)
    HEAP                                     0x20000410   Section      512  startup_stm32f030x6.o(HEAP)
    Stack_Mem                                0x20000610   Data        1024  startup_stm32f030x6.o(STACK)
    STACK                                    0x20000610   Section     1024  startup_stm32f030x6.o(STACK)
    __initial_sp                             0x20000a10   Data           0  startup_stm32f030x6.o(STACK)

    Global Symbols

    Symbol Name                              Value     Ov Type        Size  Object(Section)

    BuildAttributes$$THM_ISAv3M$S$PE$A:L22$X:L11$S22$IEEE1$IW$~IW$USESV6$~STKCKD$USESV7$~SHL$OSPACE$ROPI$EBA8$UX$STANDARDLIB$REQ8$PRES8$EABIv2 0x00000000   Number         0  anon$$obj.o ABSOLUTE
    __ARM_exceptions_init                     - Undefined Weak Reference
    __alloca_initialize                       - Undefined Weak Reference
    __arm_preinit_                            - Undefined Weak Reference
    __arm_relocate_pie_                       - Undefined Weak Reference
    __cpp_initialize__aeabi_                  - Undefined Weak Reference
    __cxa_finalize                            - Undefined Weak Reference
    __rt_locale                               - Undefined Weak Reference
    __sigvec_lookup                           - Undefined Weak Reference
    _atexit_init                              - Undefined Weak Reference
    _call_atexit_fns                          - Undefined Weak Reference
    _clock_init                               - Undefined Weak Reference
    _fp_trap_init                             - Undefined Weak Reference
    _fp_trap_shutdown                         - Undefined Weak Reference
    _get_lc_collate                           - Undefined Weak Reference
    _get_lc_ctype                             - Undefined Weak Reference
    _get_lc_monetary                          - Undefined Weak Reference
    _get_lc_numeric                           - Undefined Weak Reference
    _get_lc_time                              - Undefined Weak Reference
    _getenv_init                              - Undefined Weak Reference
    _handle_redirection                       - Undefined Weak Reference
    _init_alloc                               - Undefined Weak Reference
    _init_user_alloc                          - Undefined Weak Reference
    _initio                                   - Undefined Weak Reference
    _rand_init                                - Undefined Weak Reference
    _signal_finish                            - Undefined Weak Reference
    _signal_init                              - Undefined Weak Reference
    _terminate_alloc                          - Undefined Weak Reference
    _terminate_user_alloc                     - Undefined Weak Reference
    _terminateio                              - Undefined Weak Reference
    __Vectors_Size                           0x000000b0   Number         0  startup_stm32f030x6.o ABSOLUTE
    __Vectors                                0x08000000   Data           4  startup_stm32f030x6.o(RESET)
    __Vectors_End                            0x080000b0   Data           0  startup_stm32f030x6.o(RESET)
    __main                                   0x080000b1   Thumb Code     8  __main.o(!!!main)
    __scatterload                            0x080000b9   Thumb Code     0  __scatter.o(!!!scatter)
    __scatterload_rt2                        0x080000b9   Thumb Code    52  __scatter.o(!!!scatter)
    __scatterload_rt2_thumb_only             0x080000b9   Thumb Code     0  __scatter.o(!!!scatter)
    __scatterload_null                       0x080000c9   Thumb Code     0  __scatter.o(!!!scatter)
    __scatterload_copy                       0x080000f5   Thumb Code    26  __scatter_copy.o(!!handler_copy)
    __scatterload_zeroinit                   0x08000111   Thumb Code    28  __scatter_zi.o(!!handler_zi)
    __rt_lib_init                            0x0800012d   Thumb Code     0  libinit.o(.ARM.Collect$$libinit$$00000000)
    __rt_lib_init_alloca_1                   0x0800012f   Thumb Code     0  libinit2.o(.ARM.Collect$$libinit$$00000030)
    __rt_lib_init_argv_1                     0x0800012f   Thumb Code     0  libinit2.o(.ARM.Collect$$libinit$$0000002E)
    __rt_lib_init_atexit_1                   0x0800012f   Thumb Code     0  libinit2.o(.ARM.Collect$$libinit$$0000001D)
    __rt_lib_init_clock_1                    0x0800012f   Thumb Code     0  libinit2.o(.ARM.Collect$$libinit$$00000023)
    __rt_lib_init_cpp_1                      0x0800012f   Thumb Code     0  libinit2.o(.ARM.Collect$$libinit$$00000034)
    __rt_lib_init_exceptions_1               0x0800012f   Thumb Code     0  libinit2.o(.ARM.Collect$$libinit$$00000032)
    __rt_lib_init_fp_1                       0x0800012f   Thumb Code     0  libinit2.o(.ARM.Collect$$libinit$$00000002)
    __rt_lib_init_fp_trap_1                  0x0800012f   Thumb Code     0  libinit2.o(.ARM.Collect$$libinit$$00000021)
    __rt_lib_init_getenv_1                   0x0800012f   Thumb Code     0  libinit2.o(.ARM.Collect$$libinit$$00000025)
    __rt_lib_init_heap_1                     0x0800012f   Thumb Code     0  libinit2.o(.ARM.Collect$$libinit$$0000000C)
    __rt_lib_init_lc_collate_1               0x0800012f   Thumb Code     0  libinit2.o(.ARM.Collect$$libinit$$00000013)
    __rt_lib_init_lc_ctype_1                 0x0800012f   Thumb Code     0  libinit2.o(.ARM.Collect$$libinit$$00000015)
    __rt_lib_init_lc_monetary_1              0x0800012f   Thumb Code     0  libinit2.o(.ARM.Collect$$libinit$$00000017)
    __rt_lib_init_lc_numeric_1               0x0800012f   Thumb Code     0  libinit2.o(.ARM.Collect$$libinit$$00000019)
    __rt_lib_init_lc_time_1                  0x0800012f   Thumb Code     0  libinit2.o(.ARM.Collect$$libinit$$0000001B)
    __rt_lib_init_preinit_1                  0x0800012f   Thumb Code     0  libinit2.o(.ARM.Collect$$libinit$$00000006)
    __rt_lib_init_rand_1                     0x0800012f   Thumb Code     0  libinit2.o(.ARM.Collect$$libinit$$00000010)
    __rt_lib_init_relocate_pie_1             0x0800012f   Thumb Code     0  libinit2.o(.ARM.Collect$$libinit$$00000004)
    __rt_lib_init_return                     0x0800012f   Thumb Code     0  libinit2.o(.ARM.Collect$$libinit$$00000035)
    __rt_lib_init_signal_1                   0x0800012f   Thumb Code     0  libinit2.o(.ARM.Collect$$libinit$$0000001F)
    __rt_lib_init_stdio_1                    0x0800012f   Thumb Code     0  libinit2.o(.ARM.Collect$$libinit$$00000027)
    __rt_lib_init_user_alloc_1               0x0800012f   Thumb Code     0  libinit2.o(.ARM.Collect$$libinit$$0000000E)
    __rt_lib_shutdown                        0x08000131   Thumb Code     0  libshutdown.o(.ARM.Collect$$libshutdown$$00000000)
    __rt_lib_shutdown_cpp_1                  0x08000133   Thumb Code     0  libshutdown2.o(.ARM.Collect$$libshutdown$$00000002)
    __rt_lib_shutdown_fp_trap_1              0x08000133   Thumb Code     0  libshutdown2.o(.ARM.Collect$$libshutdown$$00000007)
    __rt_lib_shutdown_heap_1                 0x08000133   Thumb Code     0  libshutdown2.o(.ARM.Collect$$libshutdown$$0000000F)
    __rt_lib_shutdown_return                 0x08000133   Thumb Code     0  libshutdown2.o(.ARM.Collect$$libshutdown$$00000010)
    __rt_lib_shutdown_signal_1               0x08000133   Thumb Code     0  libshutdown2.o(.ARM.Collect$$libshutdown$$0000000A)
    __rt_lib_shutdown_stdio_1                0x08000133   Thumb Code     0  libshutdown2.o(.ARM.Collect$$libshutdown$$00000004)
    __rt_lib_shutdown_user_alloc_1           0x08000133   Thumb Code     0  libshutdown2.o(.ARM.Collect$$libshutdown$$0000000C)
    __rt_entry                               0x08000135   Thumb Code     0  __rtentry.o(.ARM.Collect$$rtentry$$00000000)
    __rt_entry_presh_1                       0x08000135   Thumb Code     0  __rtentry2.o(.ARM.Collect$$rtentry$$00000002)
    __rt_entry_sh                            0x08000135   Thumb Code     0  __rtentry4.o(.ARM.Collect$$rtentry$$00000004)
    __rt_entry_li                            0x0800013b   Thumb Code     0  __rtentry2.o(.ARM.Collect$$rtentry$$0000000A)
    __rt_entry_postsh_1                      0x0800013b   Thumb Code     0  __rtentry2.o(.ARM.Collect$$rtentry$$00000009)
    __rt_entry_main                          0x0800013f   Thumb Code     0  __rtentry2.o(.ARM.Collect$$rtentry$$0000000D)
    __rt_entry_postli_1                      0x0800013f   Thumb Code     0  __rtentry2.o(.ARM.Collect$$rtentry$$0000000C)
    __rt_exit                                0x08000147   Thumb Code     0  rtexit.o(.ARM.Collect$$rtexit$$00000000)
    __rt_exit_ls                             0x08000149   Thumb Code     0  rtexit2.o(.ARM.Collect$$rtexit$$00000003)
    __rt_exit_prels_1                        0x08000149   Thumb Code     0  rtexit2.o(.ARM.Collect$$rtexit$$00000002)
    __rt_exit_exit                           0x0800014d   Thumb Code     0  rtexit2.o(.ARM.Collect$$rtexit$$00000004)
    Reset_Handler                            0x08000155   Thumb Code     8  startup_stm32f030x6.o(.text)
    DMA1_Channel4_5_IRQHandler               0x08000167   Thumb Code     0  startup_stm32f030x6.o(.text)
    EXTI2_3_IRQHandler                       0x08000167   Thumb Code     0  startup_stm32f030x6.o(.text)
    FLASH_IRQHandler                         0x08000167   Thumb Code     0  startup_stm32f030x6.o(.text)
    RCC_IRQHandler                           0x08000167   Thumb Code     0  startup_stm32f030x6.o(.text)
    RTC_IRQHandler                           0x08000167   Thumb Code     0  startup_stm32f030x6.o(.text)
    SPI1_IRQHandler                          0x08000167   Thumb Code     0  startup_stm32f030x6.o(.text)
    TIM17_IRQHandler                         0x08000167   Thumb Code     0  startup_stm32f030x6.o(.text)
    TIM1_BRK_UP_TRG_COM_IRQHandler           0x08000167   Thumb Code     0  startup_stm32f030x6.o(.text)
    USART1_IRQHandler                        0x08000167   Thumb Code     0  startup_stm32f030x6.o(.text)
    WWDG_IRQHandler                          0x08000167   Thumb Code     0  startup_stm32f030x6.o(.text)
    __user_initial_stackheap                 0x08000169   Thumb Code     0  startup_stm32f030x6.o(.text)
    __aeabi_lmul                             0x0800018d   Thumb Code    48  llmul.o(.text)
    _ll_mul                                  0x0800018d   Thumb Code     0  llmul.o(.text)
    __aeabi_uldivmod                         0x080001bd   Thumb Code   272  lludiv.o(.text)
    _ll_udiv                                 0x080001bd   Thumb Code     0  lludiv.o(.text)
    _memset_w                                0x080002cd   Thumb Code    26  rt_memclr.o(.text)
    _memset                                  0x080002e7   Thumb Code    30  rt_memclr.o(.text)
    __aeabi_memclr                           0x08000305   Thumb Code     4  rt_memclr.o(.text)
    __rt_memclr                              0x08000305   Thumb Code     0  rt_memclr.o(.text)
    __aeabi_memclr4                          0x08000309   Thumb Code     0  rt_memclr.o(.text)
    __aeabi_memclr8                          0x08000309   Thumb Code     0  rt_memclr.o(.text)
    __rt_memclr_w                            0x08000309   Thumb Code     4  rt_memclr.o(.text)
    __aeabi_uidiv                            0x0800030d   Thumb Code     0  aeabi_sdiv.o(.text)
    __aeabi_uidivmod                         0x0800030d   Thumb Code    20  aeabi_sdiv.o(.text)
    __aeabi_idiv                             0x08000321   Thumb Code     0  aeabi_sdiv.o(.text)
    __aeabi_idivmod                          0x08000321   Thumb Code   338  aeabi_sdiv.o(.text)
    __use_two_region_memory                  0x08000479   Thumb Code     2  heapauxi.o(.text)
    __rt_heap_escrow$2region                 0x0800047b   Thumb Code     2  heapauxi.o(.text)
    __rt_heap_expand$2region                 0x0800047d   Thumb Code     2  heapauxi.o(.text)
    __aeabi_d2f                              0x08000481   Thumb Code     0  d2f.o(.text)
    _d2f                                     0x08000481   Thumb Code   120  d2f.o(.text)
    __aeabi_dadd                             0x080007f5   Thumb Code     0  daddsub.o(.text)
    _dadd                                    0x080007f5   Thumb Code    26  daddsub.o(.text)
    __aeabi_dsub                             0x0800080f   Thumb Code     0  daddsub.o(.text)
    _dsub                                    0x0800080f   Thumb Code    22  daddsub.o(.text)
    __aeabi_drsub                            0x08000825   Thumb Code     0  daddsub.o(.text)
    _drsb                                    0x08000825   Thumb Code    28  daddsub.o(.text)
    __aeabi_ddiv                             0x08000855   Thumb Code     0  ddiv.o(.text)
    _ddiv                                    0x08000855   Thumb Code  1072  ddiv.o(.text)
    _drdiv                                   0x08000c85   Thumb Code    20  ddiv.o(.text)
    __aeabi_i2d_normalise                    0x08000c9d   Thumb Code    66  dflti.o(.text)
    __aeabi_i2d                              0x08000cdf   Thumb Code    16  dflti.o(.text)
    _dflt                                    0x08000cdf   Thumb Code     0  dflti.o(.text)
    __aeabi_ui2d                             0x08000cef   Thumb Code     6  dflti.o(.text)
    _dfltu                                   0x08000cef   Thumb Code     0  dflti.o(.text)
    __aeabi_dmul                             0x08000cf5   Thumb Code     0  dmul.o(.text)
    _dmul                                    0x08000cf5   Thumb Code   558  dmul.o(.text)
    __aeabi_f2d                              0x08000f3d   Thumb Code     0  f2d.o(.text)
    _f2d                                     0x08000f3d   Thumb Code    80  f2d.o(.text)
    __aeabi_fdiv                             0x08000f91   Thumb Code     0  fdiv.o(.text)
    _fdiv                                    0x08000f91   Thumb Code   334  fdiv.o(.text)
    _frdiv                                   0x080010df   Thumb Code     8  fdiv.o(.text)
    __aeabi_f2iz                             0x080010f1   Thumb Code     0  ffixi.o(.text)
    _ffix                                    0x080010f1   Thumb Code    76  ffixi.o(.text)
    __aeabi_i2f_normalise                    0x0800113d   Thumb Code    72  fflti.o(.text)
    __aeabi_i2f                              0x08001185   Thumb Code    16  fflti.o(.text)
    _fflt                                    0x08001185   Thumb Code     0  fflti.o(.text)
    __aeabi_ui2f                             0x08001195   Thumb Code     6  fflti.o(.text)
    _ffltu                                   0x08001195   Thumb Code     0  fflti.o(.text)
    __fpl_fcmp_InfNaN                        0x0800119d   Thumb Code    96  fcmpin.o(.text)
    __user_setup_stackheap                   0x08001201   Thumb Code    62  sys_stackheap_outer.o(.text)
    exit                                     0x0800123f   Thumb Code    16  exit.o(.text)
    __fpl_cmpreturn                          0x0800124f   Thumb Code    46  cmpret.o(.text)
    __fpl_fcheck_NaN2                        0x0800127d   Thumb Code    10  fnan2.o(.text)
    __user_libspace                          0x0800128d   Thumb Code     8  libspace.o(.text)
    __user_perproc_libspace                  0x0800128d   Thumb Code     0  libspace.o(.text)
    __user_perthread_libspace                0x0800128d   Thumb Code     0  libspace.o(.text)
    __fpl_return_NaN                         0x08001295   Thumb Code    94  retnan.o(.text)
    _sys_exit                                0x080012f5   Thumb Code     8  sys_exit.o(.text)
    __I$use$semihosting                      0x08001301   Thumb Code     0  use_no_semi.o(.text)
    __use_no_semihosting_swi                 0x08001301   Thumb Code     2  use_no_semi.o(.text)
    __semihosting_library_function           0x08001303   Thumb Code     0  indicate_semi.o(.text)
    ADC1_IRQHandler                          0x08001305   Thumb Code    12  stm32f0xx_it.o(.text.ADC1_IRQHandler)
    DMA1_Channel1_IRQHandler                 0x08001515   Thumb Code    12  stm32f0xx_it.o(.text.DMA1_Channel1_IRQHandler)
    DMA1_Channel2_3_IRQHandler               0x08001525   Thumb Code    16  stm32f0xx_it.o(.text.DMA1_Channel2_3_IRQHandler)
    EXTI0_1_IRQHandler                       0x080015bd   Thumb Code    10  stm32f0xx_it.o(.text.EXTI0_1_IRQHandler)
    EXTI4_15_IRQHandler                      0x080015c7   Thumb Code    26  stm32f0xx_it.o(.text.EXTI4_15_IRQHandler)
    Error_Handler                            0x080015e1   Thumb Code    14  main.o(.text.Error_Handler)
    HAL_ADCEx_Calibration_Start              0x080015ef   Thumb Code   336  stm32f0xx_hal_adc_ex.o(.text.HAL_ADCEx_Calibration_Start)
    HAL_ADC_ConfigChannel                    0x08001741   Thumb Code   544  stm32f0xx_hal_adc.o(.text.HAL_ADC_ConfigChannel)
    HAL_ADC_ConvCpltCallback                 0x08001979   Thumb Code    16  main.o(.text.HAL_ADC_ConvCpltCallback)
    HAL_ADC_ConvHalfCpltCallback             0x0800198d   Thumb Code     8  stm32f0xx_hal_adc.o(.text.HAL_ADC_ConvHalfCpltCallback)
    HAL_ADC_ErrorCallback                    0x08001995   Thumb Code     8  stm32f0xx_hal_adc.o(.text.HAL_ADC_ErrorCallback)
    HAL_ADC_IRQHandler                       0x0800199d   Thumb Code   364  stm32f0xx_hal_adc.o(.text.HAL_ADC_IRQHandler)
    HAL_ADC_Init                             0x08001b09   Thumb Code   624  stm32f0xx_hal_adc.o(.text.HAL_ADC_Init)
    HAL_ADC_LevelOutOfWindowCallback         0x08001d81   Thumb Code     8  stm32f0xx_hal_adc.o(.text.HAL_ADC_LevelOutOfWindowCallback)
    HAL_ADC_MspInit                          0x08001d89   Thumb Code   192  adc.o(.text.HAL_ADC_MspInit)
    HAL_ADC_Start_DMA                        0x08001e5d   Thumb Code   248  stm32f0xx_hal_adc.o(.text.HAL_ADC_Start_DMA)
    HAL_DMA_Abort_IT                         0x08001f65   Thumb Code   120  stm32f0xx_hal_dma.o(.text.HAL_DMA_Abort_IT)
    HAL_DMA_GetState                         0x08001fdd   Thumb Code    14  stm32f0xx_hal_dma.o(.text.HAL_DMA_GetState)
    HAL_DMA_IRQHandler                       0x08001feb   Thumb Code   322  stm32f0xx_hal_dma.o(.text.HAL_DMA_IRQHandler)
    HAL_DMA_Init                             0x0800212d   Thumb Code   136  stm32f0xx_hal_dma.o(.text.HAL_DMA_Init)
    HAL_DMA_Start_IT                         0x080021b9   Thumb Code   202  stm32f0xx_hal_dma.o(.text.HAL_DMA_Start_IT)
    HAL_GPIO_EXTI_Callback                   0x08002285   Thumb Code    64  main.o(.text.HAL_GPIO_EXTI_Callback)
    HAL_GPIO_EXTI_IRQHandler                 0x080022cd   Thumb Code    40  stm32f0xx_hal_gpio.o(.text.HAL_GPIO_EXTI_IRQHandler)
    HAL_GPIO_Init                            0x080022f9   Thumb Code   708  stm32f0xx_hal_gpio.o(.text.HAL_GPIO_Init)
    HAL_GPIO_TogglePin                       0x080025e1   Thumb Code    36  stm32f0xx_hal_gpio.o(.text.HAL_GPIO_TogglePin)
    HAL_GPIO_WritePin                        0x08002605   Thumb Code    44  stm32f0xx_hal_gpio.o(.text.HAL_GPIO_WritePin)
    HAL_GetTick                              0x08002631   Thumb Code     8  stm32f0xx_hal.o(.text.HAL_GetTick)
    HAL_I2CEx_ConfigAnalogFilter             0x0800263d   Thumb Code   150  stm32f0xx_hal_i2c_ex.o(.text.HAL_I2CEx_ConfigAnalogFilter)
    HAL_I2CEx_ConfigDigitalFilter            0x080026d3   Thumb Code   160  stm32f0xx_hal_i2c_ex.o(.text.HAL_I2CEx_ConfigDigitalFilter)
    HAL_I2C_AbortCpltCallback                0x08002773   Thumb Code     8  stm32f0xx_hal_i2c.o(.text.HAL_I2C_AbortCpltCallback)
    HAL_I2C_AddrCallback                     0x0800277b   Thumb Code    16  stm32f0xx_hal_i2c.o(.text.HAL_I2C_AddrCallback)
    HAL_I2C_ER_IRQHandler                    0x0800278b   Thumb Code   198  stm32f0xx_hal_i2c.o(.text.HAL_I2C_ER_IRQHandler)
    HAL_I2C_EV_IRQHandler                    0x08002851   Thumb Code    48  stm32f0xx_hal_i2c.o(.text.HAL_I2C_EV_IRQHandler)
    HAL_I2C_ErrorCallback                    0x08002881   Thumb Code     8  stm32f0xx_hal_i2c.o(.text.HAL_I2C_ErrorCallback)
    HAL_I2C_Init                             0x08002889   Thumb Code   264  stm32f0xx_hal_i2c.o(.text.HAL_I2C_Init)
    HAL_I2C_ListenCpltCallback               0x08002995   Thumb Code     8  stm32f0xx_hal_i2c.o(.text.HAL_I2C_ListenCpltCallback)
    HAL_I2C_MasterRxCpltCallback             0x0800299d   Thumb Code     8  stm32f0xx_hal_i2c.o(.text.HAL_I2C_MasterRxCpltCallback)
    HAL_I2C_MasterTxCpltCallback             0x080029a5   Thumb Code     8  stm32f0xx_hal_i2c.o(.text.HAL_I2C_MasterTxCpltCallback)
    HAL_I2C_MemRxCpltCallback                0x080029ad   Thumb Code     8  stm32f0xx_hal_i2c.o(.text.HAL_I2C_MemRxCpltCallback)
    HAL_I2C_MemTxCpltCallback                0x080029b5   Thumb Code     8  stm32f0xx_hal_i2c.o(.text.HAL_I2C_MemTxCpltCallback)
    HAL_I2C_MspInit                          0x080029bd   Thumb Code   248  i2c.o(.text.HAL_I2C_MspInit)
    HAL_I2C_SlaveRxCpltCallback              0x08002ad1   Thumb Code   292  main.o(.text.HAL_I2C_SlaveRxCpltCallback)
    HAL_I2C_SlaveTxCpltCallback              0x08002c25   Thumb Code     8  main.o(.text.HAL_I2C_SlaveTxCpltCallback)
    HAL_I2C_Slave_Receive_DMA                0x08002c2d   Thumb Code   384  stm32f0xx_hal_i2c.o(.text.HAL_I2C_Slave_Receive_DMA)
    HAL_I2C_Slave_Transmit_DMA               0x08002db1   Thumb Code   488  stm32f0xx_hal_i2c.o(.text.HAL_I2C_Slave_Transmit_DMA)
    HAL_IncTick                              0x08002fa9   Thumb Code    16  stm32f0xx_hal.o(.text.HAL_IncTick)
    HAL_Init                                 0x08002fbd   Thumb Code    28  stm32f0xx_hal.o(.text.HAL_Init)
    HAL_InitTick                             0x08002fdd   Thumb Code   100  stm32f0xx_hal.o(.text.HAL_InitTick)
    HAL_MspInit                              0x0800304d   Thumb Code    52  stm32f0xx_hal_msp.o(.text.HAL_MspInit)
    HAL_NVIC_EnableIRQ                       0x08003085   Thumb Code    22  stm32f0xx_hal_cortex.o(.text.HAL_NVIC_EnableIRQ)
    HAL_NVIC_SetPriority                     0x0800309b   Thumb Code    28  stm32f0xx_hal_cortex.o(.text.HAL_NVIC_SetPriority)
    HAL_RCCEx_PeriphCLKConfig                0x080030b9   Thumb Code   396  stm32f0xx_hal_rcc_ex.o(.text.HAL_RCCEx_PeriphCLKConfig)
    HAL_RCC_CSSCallback                      0x08003255   Thumb Code     2  stm32f0xx_hal_rcc.o(.text.HAL_RCC_CSSCallback)
    HAL_RCC_ClockConfig                      0x08003259   Thumb Code   432  stm32f0xx_hal_rcc.o(.text.HAL_RCC_ClockConfig)
    HAL_RCC_EnableCSS                        0x08003419   Thumb Code    16  stm32f0xx_hal_rcc.o(.text.HAL_RCC_EnableCSS)
    HAL_RCC_GetSysClockFreq                  0x0800342d   Thumb Code   152  stm32f0xx_hal_rcc.o(.text.HAL_RCC_GetSysClockFreq)
    HAL_RCC_NMI_IRQHandler                   0x080034dd   Thumb Code    28  stm32f0xx_hal_rcc.o(.text.HAL_RCC_NMI_IRQHandler)
    HAL_RCC_OscConfig                        0x08003501   Thumb Code  1676  stm32f0xx_hal_rcc.o(.text.HAL_RCC_OscConfig)
    HAL_SYSTICK_Config                       0x08003bb1   Thumb Code    16  stm32f0xx_hal_cortex.o(.text.HAL_SYSTICK_Config)
    HAL_TIMEx_BreakCallback                  0x08003bc1   Thumb Code     8  stm32f0xx_hal_tim_ex.o(.text.HAL_TIMEx_BreakCallback)
    HAL_TIMEx_CommutCallback                 0x08003bc9   Thumb Code     8  stm32f0xx_hal_tim_ex.o(.text.HAL_TIMEx_CommutCallback)
    HAL_TIMEx_ConfigBreakDeadTime            0x08003bd1   Thumb Code   182  stm32f0xx_hal_tim_ex.o(.text.HAL_TIMEx_ConfigBreakDeadTime)
    HAL_TIMEx_MasterConfigSynchronization    0x08003c89   Thumb Code   180  stm32f0xx_hal_tim_ex.o(.text.HAL_TIMEx_MasterConfigSynchronization)
    HAL_TIMEx_PWMN_Start_IT                  0x08003d3d   Thumb Code   404  stm32f0xx_hal_tim_ex.o(.text.HAL_TIMEx_PWMN_Start_IT)
    HAL_TIMEx_PWMN_Stop_IT                   0x08003ed9   Thumb Code   336  stm32f0xx_hal_tim_ex.o(.text.HAL_TIMEx_PWMN_Stop_IT)
    HAL_TIM_Base_Init                        0x08004029   Thumb Code   158  stm32f0xx_hal_tim.o(.text.HAL_TIM_Base_Init)
    HAL_TIM_Base_MspInit                     0x080040c9   Thumb Code   240  tim.o(.text.HAL_TIM_Base_MspInit)
    HAL_TIM_Base_Start_IT                    0x080041c9   Thumb Code   136  stm32f0xx_hal_tim.o(.text.HAL_TIM_Base_Start_IT)
    HAL_TIM_Base_Stop_IT                     0x08004259   Thumb Code    80  stm32f0xx_hal_tim.o(.text.HAL_TIM_Base_Stop_IT)
    HAL_TIM_ConfigClockSource                0x080042b1   Thumb Code   394  stm32f0xx_hal_tim.o(.text.HAL_TIM_ConfigClockSource)
    HAL_TIM_IC_CaptureCallback               0x0800443b   Thumb Code     8  stm32f0xx_hal_tim.o(.text.HAL_TIM_IC_CaptureCallback)
    HAL_TIM_IRQHandler                       0x08004443   Thumb Code   618  stm32f0xx_hal_tim.o(.text.HAL_TIM_IRQHandler)
    HAL_TIM_MspPostInit                      0x080046ad   Thumb Code    88  tim.o(.text.HAL_TIM_MspPostInit)
    HAL_TIM_OC_DelayElapsedCallback          0x0800470d   Thumb Code     8  stm32f0xx_hal_tim.o(.text.HAL_TIM_OC_DelayElapsedCallback)
    HAL_TIM_PWM_ConfigChannel                0x08004715   Thumb Code   368  stm32f0xx_hal_tim.o(.text.HAL_TIM_PWM_ConfigChannel)
    HAL_TIM_PWM_Init                         0x08004885   Thumb Code   158  stm32f0xx_hal_tim.o(.text.HAL_TIM_PWM_Init)
    HAL_TIM_PWM_MspInit                      0x08004923   Thumb Code     8  stm32f0xx_hal_tim.o(.text.HAL_TIM_PWM_MspInit)
    HAL_TIM_PWM_PulseFinishedCallback        0x0800492d   Thumb Code    84  main.o(.text.HAL_TIM_PWM_PulseFinishedCallback)
    HAL_TIM_PWM_Start_IT                     0x0800498d   Thumb Code   512  stm32f0xx_hal_tim.o(.text.HAL_TIM_PWM_Start_IT)
    HAL_TIM_PWM_Stop_IT                      0x08004b91   Thumb Code   420  stm32f0xx_hal_tim.o(.text.HAL_TIM_PWM_Stop_IT)
    HAL_TIM_PeriodElapsedCallback            0x08004d49   Thumb Code   316  main.o(.text.HAL_TIM_PeriodElapsedCallback)
    HAL_TIM_TriggerCallback                  0x08004eb9   Thumb Code     8  stm32f0xx_hal_tim.o(.text.HAL_TIM_TriggerCallback)
    HardFault_Handler                        0x08004ec1   Thumb Code     4  stm32f0xx_it.o(.text.HardFault_Handler)
    I2C1_IRQHandler                          0x08004ec5   Thumb Code    36  stm32f0xx_it.o(.text.I2C1_IRQHandler)
    MX_ADC_Init                              0x080064dd   Thumb Code   112  adc.o(.text.MX_ADC_Init)
    MX_DMA_Init                              0x08006555   Thumb Code    68  dma.o(.text.MX_DMA_Init)
    MX_GPIO_Init                             0x08006599   Thumb Code   320  gpio.o(.text.MX_GPIO_Init)
    MX_I2C1_Init                             0x080066e1   Thumb Code    96  i2c.o(.text.MX_I2C1_Init)
    MX_TIM14_Init                            0x0800674d   Thumb Code    44  tim.o(.text.MX_TIM14_Init)
    MX_TIM16_Init                            0x08006785   Thumb Code    52  tim.o(.text.MX_TIM16_Init)
    MX_TIM1_Init                             0x080067bd   Thumb Code   260  tim.o(.text.MX_TIM1_Init)
    MX_TIM3_Init                             0x080068c1   Thumb Code   112  tim.o(.text.MX_TIM3_Init)
    NMI_Handler                              0x08006931   Thumb Code    10  stm32f0xx_it.o(.text.NMI_Handler)
    PendSV_Handler                           0x0800693b   Thumb Code     2  stm32f0xx_it.o(.text.PendSV_Handler)
    SVC_Handler                              0x0800693d   Thumb Code     2  stm32f0xx_it.o(.text.SVC_Handler)
    SysTick_Handler                          0x08006991   Thumb Code     8  stm32f0xx_it.o(.text.SysTick_Handler)
    SystemClock_Config                       0x08006999   Thumb Code   148  main.o(.text.SystemClock_Config)
    SystemInit                               0x08006a2d   Thumb Code     2  system_stm32f0xx.o(.text.SystemInit)
    TIM14_IRQHandler                         0x08006a31   Thumb Code    12  stm32f0xx_it.o(.text.TIM14_IRQHandler)
    TIM16_IRQHandler                         0x08006a41   Thumb Code    12  stm32f0xx_it.o(.text.TIM16_IRQHandler)
    TIM1_CC_IRQHandler                       0x08006a51   Thumb Code    12  stm32f0xx_it.o(.text.TIM1_CC_IRQHandler)
    TIM3_IRQHandler                          0x08006a61   Thumb Code    12  stm32f0xx_it.o(.text.TIM3_IRQHandler)
    TIM_Base_SetConfig                       0x08006a71   Thumb Code   212  stm32f0xx_hal_tim.o(.text.TIM_Base_SetConfig)
    TIM_CCxChannelCmd                        0x08006b55   Thumb Code    50  stm32f0xx_hal_tim.o(.text.TIM_CCxChannelCmd)
    TIM_ETR_SetConfig                        0x08006bb9   Thumb Code    54  stm32f0xx_hal_tim.o(.text.TIM_ETR_SetConfig)
    TIM_OC2_SetConfig                        0x08006d05   Thumb Code   268  stm32f0xx_hal_tim.o(.text.TIM_OC2_SetConfig)
    bintogray                                0x08007131   Thumb Code    14  main.o(.text.bintogray)
    main                                     0x08007141   Thumb Code   752  main.o(.text.main)
    __aeabi_fcmpge                           0x080074b5   Thumb Code     0  fcmp.o(i._fgeq)
    _fgeq                                    0x080074b5   Thumb Code    22  fcmp.o(i._fgeq)
    __aeabi_fcmple                           0x080074cb   Thumb Code     0  fcmp.o(i._fleq)
    _fleq                                    0x080074cb   Thumb Code    26  fcmp.o(i._fleq)
    __aeabi_fadd                             0x080074e5   Thumb Code     0  faddsub.o(x$fpl$fadd)
    _fadd                                    0x080074e5   Thumb Code   134  faddsub.o(x$fpl$fadd)
    _fcmpge                                  0x08007571   Thumb Code    78  fgef.o(x$fpl$fgeqf)
    __aeabi_cfcmple                          0x080075c5   Thumb Code     0  flef.o(x$fpl$fleqf)
    _fcmple                                  0x080075c5   Thumb Code    78  flef.o(x$fpl$fleqf)
    __aeabi_fmul                             0x08007619   Thumb Code     0  fmul.o(x$fpl$fmul)
    _fmul                                    0x08007619   Thumb Code   172  fmul.o(x$fpl$fmul)
    __aeabi_fsub                             0x080076c9   Thumb Code     0  faddsub.o(x$fpl$fsub)
    _fsub                                    0x080076c9   Thumb Code   204  faddsub.o(x$fpl$fsub)
    __I$use$fp                               0x08007798   Number         0  usenofp.o(x$fpl$usenofp)
    AHBPrescTable                            0x08007858   Data          16  system_stm32f0xx.o(.rodata.AHBPrescTable)
    Region$$Table$$Base                      0x08007888   Number         0  anon$$obj.o(Region$$Table)
    Region$$Table$$Limit                     0x080078a8   Number         0  anon$$obj.o(Region$$Table)
    ACSoffset                                0x20000000   Data           2  main.o(.data.ACSoffset)
    SystemCoreClock                          0x20000004   Data           4  system_stm32f0xx.o(.data.SystemCoreClock)
    mVperAmp                                 0x20000008   Data           2  main.o(.data.mVperAmp)
    uwTickFreq                               0x2000000a   Data           1  stm32f0xx_hal.o(.data.uwTickFreq)
    uwTickPrio                               0x2000000c   Data           4  stm32f0xx_hal.o(.data.uwTickPrio)
    __libspace_start                         0x20000010   Data          96  libspace.o(.bss)
    AdcConvCplt                              0x20000070   Data           1  main.o(.bss.AdcConvCplt)
    __temporary_stack_top$libspace           0x20000070   Data           0  libspace.o(.bss)
    AdcConvStart                             0x20000071   Data           1  main.o(.bss.AdcConvStart)
    AlarmCount                               0x20000072   Data           1  main.o(.bss.AlarmCount)
    Autochange                               0x20000073   Data           1  main.o(.bss.Autochange)
    AvgTuneCurrent                           0x20000074   Data           4  main.o(.bss.AvgTuneCurrent)
    MaxTune                                  0x20000078   Data           4  main.o(.bss.MaxTune)
    MaxTuneIdx                               0x2000007c   Data           1  main.o(.bss.MaxTuneIdx)
    MaxTuneValue                             0x2000007e   Data           2  main.o(.bss.MaxTuneValue)
    PRESSED_KEY                              0x20000080   Data           4  main.o(.bss.PRESSED_KEY)
    ReceiveData                              0x20000084   Data           2  main.o(.bss.ReceiveData)
    SumTune                                  0x20000086   Data           2  main.o(.bss.SumTune)
    SumTuneCurrent                           0x20000088   Data           4  main.o(.bss.SumTuneCurrent)
    Tune                                     0x2000008c   Data         200  main.o(.bss.Tune)
    TuneCurrent                              0x20000154   Data           4  main.o(.bss.TuneCurrent)
    TuneValue                                0x20000158   Data           2  main.o(.bss.TuneValue)
    TuneVoltage3                             0x2000015c   Data           4  main.o(.bss.TuneVoltage3)
    TuneVoltage5                             0x20000160   Data           4  main.o(.bss.TuneVoltage5)
    adcFilter                                0x20000164   Data           4  main.o(.bss.adcFilter)
    completeSearch                           0x20000168   Data           1  main.o(.bss.completeSearch)
    hadc                                     0x2000016c   Data          64  adc.o(.bss.hadc)
    hdma_adc                                 0x200001ac   Data          68  adc.o(.bss.hdma_adc)
    hdma_i2c1_rx                             0x200001f0   Data          68  i2c.o(.bss.hdma_i2c1_rx)
    hdma_i2c1_tx                             0x20000234   Data          68  i2c.o(.bss.hdma_i2c1_tx)
    hi2c1                                    0x20000278   Data          84  i2c.o(.bss.hi2c1)
    htim1                                    0x200002cc   Data          72  tim.o(.bss.htim1)
    htim14                                   0x20000314   Data          72  tim.o(.bss.htim14)
    htim16                                   0x2000035c   Data          72  tim.o(.bss.htim16)
    htim3                                    0x200003a4   Data          72  tim.o(.bss.htim3)
    i                                        0x200003ec   Data           1  main.o(.bss.i)
    last_press_tick                          0x200003f0   Data           4  main.o(.bss.last_press_tick)
    maxTune                                  0x200003f4   Data           2  main.o(.bss.maxTune)
    pulse                                    0x200003f8   Data           4  main.o(.bss.pulse)
    receivingBuffer                          0x200003fc   Data           5  main.o(.bss.receivingBuffer)
    state                                    0x20000401   Data           1  main.o(.bss.state)
    temp1                                    0x20000404   Data           4  main.o(.bss.temp1)
    temp2                                    0x20000408   Data           4  main.o(.bss.temp2)
    uwTick                                   0x2000040c   Data           4  stm32f0xx_hal.o(.bss.uwTick)



==============================================================================

Memory Map of the image

  Image Entry point : 0x080000b1

  Load Region LR_IROM1 (Base: 0x08000000, Size: 0x000078b8, Max: 0x00008000, ABSOLUTE)

    Execution Region ER_IROM1 (Exec base: 0x08000000, Load base: 0x08000000, Size: 0x000078a8, Max: 0x00008000, ABSOLUTE)

    Exec Addr    Load Addr    Size         Type   Attr      Idx    E Section Name        Object

    0x08000000   0x08000000   0x000000b0   Data   RO            3    RESET               startup_stm32f030x6.o
    0x080000b0   0x080000b0   0x00000008   Code   RO         1168  * !!!main             c_p.l(__main.o)
    0x080000b8   0x080000b8   0x0000003c   Code   RO         1404    !!!scatter          c_p.l(__scatter.o)
    0x080000f4   0x080000f4   0x0000001a   Code   RO         1406    !!handler_copy      c_p.l(__scatter_copy.o)
    0x0800010e   0x0800010e   0x00000002   PAD
    0x08000110   0x08000110   0x0000001c   Code   RO         1408    !!handler_zi        c_p.l(__scatter_zi.o)
    0x0800012c   0x0800012c   0x00000002   Code   RO         1259    .ARM.Collect$$libinit$$00000000  c_p.l(libinit.o)
    0x0800012e   0x0800012e   0x00000000   Code   RO         1277    .ARM.Collect$$libinit$$00000002  c_p.l(libinit2.o)
    0x0800012e   0x0800012e   0x00000000   Code   RO         1279    .ARM.Collect$$libinit$$00000004  c_p.l(libinit2.o)
    0x0800012e   0x0800012e   0x00000000   Code   RO         1281    .ARM.Collect$$libinit$$00000006  c_p.l(libinit2.o)
    0x0800012e   0x0800012e   0x00000000   Code   RO         1284    .ARM.Collect$$libinit$$0000000C  c_p.l(libinit2.o)
    0x0800012e   0x0800012e   0x00000000   Code   RO         1286    .ARM.Collect$$libinit$$0000000E  c_p.l(libinit2.o)
    0x0800012e   0x0800012e   0x00000000   Code   RO         1288    .ARM.Collect$$libinit$$00000010  c_p.l(libinit2.o)
    0x0800012e   0x0800012e   0x00000000   Code   RO         1291    .ARM.Collect$$libinit$$00000013  c_p.l(libinit2.o)
    0x0800012e   0x0800012e   0x00000000   Code   RO         1293    .ARM.Collect$$libinit$$00000015  c_p.l(libinit2.o)
    0x0800012e   0x0800012e   0x00000000   Code   RO         1295    .ARM.Collect$$libinit$$00000017  c_p.l(libinit2.o)
    0x0800012e   0x0800012e   0x00000000   Code   RO         1297    .ARM.Collect$$libinit$$00000019  c_p.l(libinit2.o)
    0x0800012e   0x0800012e   0x00000000   Code   RO         1299    .ARM.Collect$$libinit$$0000001B  c_p.l(libinit2.o)
    0x0800012e   0x0800012e   0x00000000   Code   RO         1301    .ARM.Collect$$libinit$$0000001D  c_p.l(libinit2.o)
    0x0800012e   0x0800012e   0x00000000   Code   RO         1303    .ARM.Collect$$libinit$$0000001F  c_p.l(libinit2.o)
    0x0800012e   0x0800012e   0x00000000   Code   RO         1305    .ARM.Collect$$libinit$$00000021  c_p.l(libinit2.o)
    0x0800012e   0x0800012e   0x00000000   Code   RO         1307    .ARM.Collect$$libinit$$00000023  c_p.l(libinit2.o)
    0x0800012e   0x0800012e   0x00000000   Code   RO         1309    .ARM.Collect$$libinit$$00000025  c_p.l(libinit2.o)
    0x0800012e   0x0800012e   0x00000000   Code   RO         1311    .ARM.Collect$$libinit$$00000027  c_p.l(libinit2.o)
    0x0800012e   0x0800012e   0x00000000   Code   RO         1315    .ARM.Collect$$libinit$$0000002E  c_p.l(libinit2.o)
    0x0800012e   0x0800012e   0x00000000   Code   RO         1317    .ARM.Collect$$libinit$$00000030  c_p.l(libinit2.o)
    0x0800012e   0x0800012e   0x00000000   Code   RO         1319    .ARM.Collect$$libinit$$00000032  c_p.l(libinit2.o)
    0x0800012e   0x0800012e   0x00000000   Code   RO         1321    .ARM.Collect$$libinit$$00000034  c_p.l(libinit2.o)
    0x0800012e   0x0800012e   0x00000002   Code   RO         1322    .ARM.Collect$$libinit$$00000035  c_p.l(libinit2.o)
    0x08000130   0x08000130   0x00000002   Code   RO         1359    .ARM.Collect$$libshutdown$$00000000  c_p.l(libshutdown.o)
    0x08000132   0x08000132   0x00000000   Code   RO         1387    .ARM.Collect$$libshutdown$$00000002  c_p.l(libshutdown2.o)
    0x08000132   0x08000132   0x00000000   Code   RO         1389    .ARM.Collect$$libshutdown$$00000004  c_p.l(libshutdown2.o)
    0x08000132   0x08000132   0x00000000   Code   RO         1392    .ARM.Collect$$libshutdown$$00000007  c_p.l(libshutdown2.o)
    0x08000132   0x08000132   0x00000000   Code   RO         1395    .ARM.Collect$$libshutdown$$0000000A  c_p.l(libshutdown2.o)
    0x08000132   0x08000132   0x00000000   Code   RO         1397    .ARM.Collect$$libshutdown$$0000000C  c_p.l(libshutdown2.o)
    0x08000132   0x08000132   0x00000000   Code   RO         1400    .ARM.Collect$$libshutdown$$0000000F  c_p.l(libshutdown2.o)
    0x08000132   0x08000132   0x00000002   Code   RO         1401    .ARM.Collect$$libshutdown$$00000010  c_p.l(libshutdown2.o)
    0x08000134   0x08000134   0x00000000   Code   RO         1210    .ARM.Collect$$rtentry$$00000000  c_p.l(__rtentry.o)
    0x08000134   0x08000134   0x00000000   Code   RO         1227    .ARM.Collect$$rtentry$$00000002  c_p.l(__rtentry2.o)
    0x08000134   0x08000134   0x00000006   Code   RO         1239    .ARM.Collect$$rtentry$$00000004  c_p.l(__rtentry4.o)
    0x0800013a   0x0800013a   0x00000000   Code   RO         1229    .ARM.Collect$$rtentry$$00000009  c_p.l(__rtentry2.o)
    0x0800013a   0x0800013a   0x00000004   Code   RO         1230    .ARM.Collect$$rtentry$$0000000A  c_p.l(__rtentry2.o)
    0x0800013e   0x0800013e   0x00000000   Code   RO         1232    .ARM.Collect$$rtentry$$0000000C  c_p.l(__rtentry2.o)
    0x0800013e   0x0800013e   0x00000008   Code   RO         1233    .ARM.Collect$$rtentry$$0000000D  c_p.l(__rtentry2.o)
    0x08000146   0x08000146   0x00000002   Code   RO         1268    .ARM.Collect$$rtexit$$00000000  c_p.l(rtexit.o)
    0x08000148   0x08000148   0x00000000   Code   RO         1330    .ARM.Collect$$rtexit$$00000002  c_p.l(rtexit2.o)
    0x08000148   0x08000148   0x00000004   Code   RO         1331    .ARM.Collect$$rtexit$$00000003  c_p.l(rtexit2.o)
    0x0800014c   0x0800014c   0x00000006   Code   RO         1332    .ARM.Collect$$rtexit$$00000004  c_p.l(rtexit2.o)
    0x08000152   0x08000152   0x00000002   PAD
    0x08000154   0x08000154   0x00000038   Code   RO            4    .text               startup_stm32f030x6.o
    0x0800018c   0x0800018c   0x00000030   Code   RO         1156    .text               c_p.l(llmul.o)
    0x080001bc   0x080001bc   0x00000110   Code   RO         1158    .text               c_p.l(lludiv.o)
    0x080002cc   0x080002cc   0x00000040   Code   RO         1160    .text               c_p.l(rt_memclr.o)
    0x0800030c   0x0800030c   0x0000016c   Code   RO         1162    .text               c_p.l(aeabi_sdiv.o)
    0x08000478   0x08000478   0x00000006   Code   RO         1166    .text               c_p.l(heapauxi.o)
    0x0800047e   0x0800047e   0x00000002   PAD
    0x08000480   0x08000480   0x0000007c   Code   RO         1170    .text               fz_ps.l(d2f.o)
    0x080004fc   0x080004fc   0x00000358   Code   RO         1172    .text               fz_ps.l(daddsub.o)
    0x08000854   0x08000854   0x00000448   Code   RO         1174    .text               fz_ps.l(ddiv.o)
    0x08000c9c   0x08000c9c   0x00000058   Code   RO         1177    .text               fz_ps.l(dflti.o)
    0x08000cf4   0x08000cf4   0x00000248   Code   RO         1179    .text               fz_ps.l(dmul.o)
    0x08000f3c   0x08000f3c   0x00000054   Code   RO         1181    .text               fz_ps.l(f2d.o)
    0x08000f90   0x08000f90   0x00000160   Code   RO         1201    .text               fz_ps.l(fdiv.o)
    0x080010f0   0x080010f0   0x0000004c   Code   RO         1204    .text               fz_ps.l(ffixi.o)
    0x0800113c   0x0800113c   0x0000005e   Code   RO         1206    .text               fz_ps.l(fflti.o)
    0x0800119a   0x0800119a   0x00000002   PAD
    0x0800119c   0x0800119c   0x00000064   Code   RO         1243    .text               fz_ps.l(fcmpin.o)
    0x08001200   0x08001200   0x0000003e   Code   RO         1245    .text               c_p.l(sys_stackheap_outer.o)
    0x0800123e   0x0800123e   0x00000010   Code   RO         1248    .text               c_p.l(exit.o)
    0x0800124e   0x0800124e   0x0000002e   Code   RO         1260    .text               fz_ps.l(cmpret.o)
    0x0800127c   0x0800127c   0x00000010   Code   RO         1262    .text               fz_ps.l(fnan2.o)
    0x0800128c   0x0800128c   0x00000008   Code   RO         1264    .text               c_p.l(libspace.o)
    0x08001294   0x08001294   0x0000005e   Code   RO         1323    .text               fz_ps.l(retnan.o)
    0x080012f2   0x080012f2   0x00000002   PAD
    0x080012f4   0x080012f4   0x0000000c   Code   RO         1325    .text               c_p.l(sys_exit.o)
    0x08001300   0x08001300   0x00000002   Code   RO         1348    .text               c_p.l(use_no_semi.o)
    0x08001302   0x08001302   0x00000000   Code   RO         1350    .text               c_p.l(indicate_semi.o)
    0x08001302   0x08001302   0x00000002   PAD
    0x08001304   0x08001304   0x00000010   Code   RO          178    .text.ADC1_IRQHandler  stm32f0xx_it.o
    0x08001314   0x08001314   0x000000ae   Code   RO          233    .text.ADC_DMAConvCplt  stm32f0xx_hal_adc.o
    0x080013c2   0x080013c2   0x0000002a   Code   RO          237    .text.ADC_DMAError  stm32f0xx_hal_adc.o
    0x080013ec   0x080013ec   0x00000016   Code   RO          235    .text.ADC_DMAHalfConvCplt  stm32f0xx_hal_adc.o
    0x08001402   0x08001402   0x00000002   PAD
    0x08001404   0x08001404   0x00000110   Code   RO          219    .text.ADC_Enable    stm32f0xx_hal_adc.o
    0x08001514   0x08001514   0x00000010   Code   RO          174    .text.DMA1_Channel1_IRQHandler  stm32f0xx_it.o
    0x08001524   0x08001524   0x00000018   Code   RO          176    .text.DMA1_Channel2_3_IRQHandler  stm32f0xx_it.o
    0x0800153c   0x0800153c   0x00000030   Code   RO          589    .text.DMA_CalcBaseAndBitshift  stm32f0xx_hal_dma.o
    0x0800156c   0x0800156c   0x00000050   Code   RO          595    .text.DMA_SetConfig  stm32f0xx_hal_dma.o
    0x080015bc   0x080015bc   0x0000000a   Code   RO          170    .text.EXTI0_1_IRQHandler  stm32f0xx_it.o
    0x080015c6   0x080015c6   0x0000001a   Code   RO          172    .text.EXTI4_15_IRQHandler  stm32f0xx_it.o
    0x080015e0   0x080015e0   0x0000000e   Code   RO           31    .text.Error_Handler  main.o
    0x080015ee   0x080015ee   0x00000150   Code   RO          268    .text.HAL_ADCEx_Calibration_Start  stm32f0xx_hal_adc_ex.o
    0x0800173e   0x0800173e   0x00000002   PAD
    0x08001740   0x08001740   0x00000238   Code   RO          253    .text.HAL_ADC_ConfigChannel  stm32f0xx_hal_adc.o
    0x08001978   0x08001978   0x00000014   Code   RO           25    .text.HAL_ADC_ConvCpltCallback  main.o
    0x0800198c   0x0800198c   0x00000008   Code   RO          251    .text.HAL_ADC_ConvHalfCpltCallback  stm32f0xx_hal_adc.o
    0x08001994   0x08001994   0x00000008   Code   RO          249    .text.HAL_ADC_ErrorCallback  stm32f0xx_hal_adc.o
    0x0800199c   0x0800199c   0x0000016c   Code   RO          243    .text.HAL_ADC_IRQHandler  stm32f0xx_hal_adc.o
    0x08001b08   0x08001b08   0x00000278   Code   RO          205    .text.HAL_ADC_Init  stm32f0xx_hal_adc.o
    0x08001d80   0x08001d80   0x00000008   Code   RO          247    .text.HAL_ADC_LevelOutOfWindowCallback  stm32f0xx_hal_adc.o
    0x08001d88   0x08001d88   0x000000d4   Code   RO           98    .text.HAL_ADC_MspInit  adc.o
    0x08001e5c   0x08001e5c   0x00000108   Code   RO          231    .text.HAL_ADC_Start_DMA  stm32f0xx_hal_adc.o
    0x08001f64   0x08001f64   0x00000078   Code   RO          601    .text.HAL_DMA_Abort_IT  stm32f0xx_hal_dma.o
    0x08001fdc   0x08001fdc   0x0000000e   Code   RO          611    .text.HAL_DMA_GetState  stm32f0xx_hal_dma.o
    0x08001fea   0x08001fea   0x00000142   Code   RO          605    .text.HAL_DMA_IRQHandler  stm32f0xx_hal_dma.o
    0x0800212c   0x0800212c   0x0000008c   Code   RO          587    .text.HAL_DMA_Init  stm32f0xx_hal_dma.o
    0x080021b8   0x080021b8   0x000000ca   Code   RO          597    .text.HAL_DMA_Start_IT  stm32f0xx_hal_dma.o
    0x08002282   0x08002282   0x00000002   PAD
    0x08002284   0x08002284   0x00000048   Code   RO           13    .text.HAL_GPIO_EXTI_Callback  main.o
    0x080022cc   0x080022cc   0x0000002c   Code   RO          576    .text.HAL_GPIO_EXTI_IRQHandler  stm32f0xx_hal_gpio.o
    0x080022f8   0x080022f8   0x000002e8   Code   RO          564    .text.HAL_GPIO_Init  stm32f0xx_hal_gpio.o
    0x080025e0   0x080025e0   0x00000024   Code   RO          572    .text.HAL_GPIO_TogglePin  stm32f0xx_hal_gpio.o
    0x08002604   0x08002604   0x0000002c   Code   RO          570    .text.HAL_GPIO_WritePin  stm32f0xx_hal_gpio.o
    0x08002630   0x08002630   0x0000000c   Code   RO          336    .text.HAL_GetTick   stm32f0xx_hal.o
    0x0800263c   0x0800263c   0x00000096   Code   RO          549    .text.HAL_I2CEx_ConfigAnalogFilter  stm32f0xx_hal_i2c_ex.o
    0x080026d2   0x080026d2   0x000000a0   Code   RO          551    .text.HAL_I2CEx_ConfigDigitalFilter  stm32f0xx_hal_i2c_ex.o
    0x08002772   0x08002772   0x00000008   Code   RO          518    .text.HAL_I2C_AbortCpltCallback  stm32f0xx_hal_i2c.o
    0x0800277a   0x0800277a   0x00000010   Code   RO          508    .text.HAL_I2C_AddrCallback  stm32f0xx_hal_i2c.o
    0x0800278a   0x0800278a   0x000000c6   Code   RO          496    .text.HAL_I2C_ER_IRQHandler  stm32f0xx_hal_i2c.o
    0x08002850   0x08002850   0x00000030   Code   RO          494    .text.HAL_I2C_EV_IRQHandler  stm32f0xx_hal_i2c.o
    0x08002880   0x08002880   0x00000008   Code   RO          516    .text.HAL_I2C_ErrorCallback  stm32f0xx_hal_i2c.o
    0x08002888   0x08002888   0x0000010c   Code   RO          380    .text.HAL_I2C_Init  stm32f0xx_hal_i2c.o
    0x08002994   0x08002994   0x00000008   Code   RO          510    .text.HAL_I2C_ListenCpltCallback  stm32f0xx_hal_i2c.o
    0x0800299c   0x0800299c   0x00000008   Code   RO          502    .text.HAL_I2C_MasterRxCpltCallback  stm32f0xx_hal_i2c.o
    0x080029a4   0x080029a4   0x00000008   Code   RO          500    .text.HAL_I2C_MasterTxCpltCallback  stm32f0xx_hal_i2c.o
    0x080029ac   0x080029ac   0x00000008   Code   RO          514    .text.HAL_I2C_MemRxCpltCallback  stm32f0xx_hal_i2c.o
    0x080029b4   0x080029b4   0x00000008   Code   RO          512    .text.HAL_I2C_MemTxCpltCallback  stm32f0xx_hal_i2c.o
    0x080029bc   0x080029bc   0x00000114   Code   RO          121    .text.HAL_I2C_MspInit  i2c.o
    0x08002ad0   0x08002ad0   0x00000154   Code   RO           21    .text.HAL_I2C_SlaveRxCpltCallback  main.o
    0x08002c24   0x08002c24   0x00000008   Code   RO           23    .text.HAL_I2C_SlaveTxCpltCallback  main.o
    0x08002c2c   0x08002c2c   0x00000184   Code   RO          440    .text.HAL_I2C_Slave_Receive_DMA  stm32f0xx_hal_i2c.o
    0x08002db0   0x08002db0   0x000001f8   Code   RO          434    .text.HAL_I2C_Slave_Transmit_DMA  stm32f0xx_hal_i2c.o
    0x08002fa8   0x08002fa8   0x00000014   Code   RO          334    .text.HAL_IncTick   stm32f0xx_hal.o
    0x08002fbc   0x08002fbc   0x00000020   Code   RO          324    .text.HAL_Init      stm32f0xx_hal.o
    0x08002fdc   0x08002fdc   0x00000070   Code   RO          326    .text.HAL_InitTick  stm32f0xx_hal.o
    0x0800304c   0x0800304c   0x00000038   Code   RO          197    .text.HAL_MspInit   stm32f0xx_hal_msp.o
    0x08003084   0x08003084   0x00000016   Code   RO          626    .text.HAL_NVIC_EnableIRQ  stm32f0xx_hal_cortex.o
    0x0800309a   0x0800309a   0x0000001c   Code   RO          622    .text.HAL_NVIC_SetPriority  stm32f0xx_hal_cortex.o
    0x080030b6   0x080030b6   0x00000002   PAD
    0x080030b8   0x080030b8   0x0000019c   Code   RO          311    .text.HAL_RCCEx_PeriphCLKConfig  stm32f0xx_hal_rcc_ex.o
    0x08003254   0x08003254   0x00000002   Code   RO          300    .text.HAL_RCC_CSSCallback  stm32f0xx_hal_rcc.o
    0x08003256   0x08003256   0x00000002   PAD
    0x08003258   0x08003258   0x000001c0   Code   RO          280    .text.HAL_RCC_ClockConfig  stm32f0xx_hal_rcc.o
    0x08003418   0x08003418   0x00000014   Code   RO          286    .text.HAL_RCC_EnableCSS  stm32f0xx_hal_rcc.o
    0x0800342c   0x0800342c   0x000000b0   Code   RO          282    .text.HAL_RCC_GetSysClockFreq  stm32f0xx_hal_rcc.o
    0x080034dc   0x080034dc   0x00000024   Code   RO          298    .text.HAL_RCC_NMI_IRQHandler  stm32f0xx_hal_rcc.o
    0x08003500   0x08003500   0x000006b0   Code   RO          278    .text.HAL_RCC_OscConfig  stm32f0xx_hal_rcc.o
    0x08003bb0   0x08003bb0   0x00000010   Code   RO          638    .text.HAL_SYSTICK_Config  stm32f0xx_hal_cortex.o
    0x08003bc0   0x08003bc0   0x00000008   Code   RO         1126    .text.HAL_TIMEx_BreakCallback  stm32f0xx_hal_tim_ex.o
    0x08003bc8   0x08003bc8   0x00000008   Code   RO         1122    .text.HAL_TIMEx_CommutCallback  stm32f0xx_hal_tim_ex.o
    0x08003bd0   0x08003bd0   0x000000b6   Code   RO         1118    .text.HAL_TIMEx_ConfigBreakDeadTime  stm32f0xx_hal_tim_ex.o
    0x08003c86   0x08003c86   0x00000002   PAD
    0x08003c88   0x08003c88   0x000000b4   Code   RO         1116    .text.HAL_TIMEx_MasterConfigSynchronization  stm32f0xx_hal_tim_ex.o
    0x08003d3c   0x08003d3c   0x0000019c   Code   RO         1090    .text.HAL_TIMEx_PWMN_Start_IT  stm32f0xx_hal_tim_ex.o
    0x08003ed8   0x08003ed8   0x00000150   Code   RO         1092    .text.HAL_TIMEx_PWMN_Stop_IT  stm32f0xx_hal_tim_ex.o
    0x08004028   0x08004028   0x0000009e   Code   RO          803    .text.HAL_TIM_Base_Init  stm32f0xx_hal_tim.o
    0x080040c6   0x080040c6   0x00000002   PAD
    0x080040c8   0x080040c8   0x00000100   Code   RO          145    .text.HAL_TIM_Base_MspInit  tim.o
    0x080041c8   0x080041c8   0x00000090   Code   RO          817    .text.HAL_TIM_Base_Start_IT  stm32f0xx_hal_tim.o
    0x08004258   0x08004258   0x00000058   Code   RO          819    .text.HAL_TIM_Base_Stop_IT  stm32f0xx_hal_tim.o
    0x080042b0   0x080042b0   0x0000018a   Code   RO          995    .text.HAL_TIM_ConfigClockSource  stm32f0xx_hal_tim.o
    0x0800443a   0x0800443a   0x00000008   Code   RO          939    .text.HAL_TIM_IC_CaptureCallback  stm32f0xx_hal_tim.o
    0x08004442   0x08004442   0x0000026a   Code   RO          937    .text.HAL_TIM_IRQHandler  stm32f0xx_hal_tim.o
    0x080046ac   0x080046ac   0x00000060   Code   RO          137    .text.HAL_TIM_MspPostInit  tim.o
    0x0800470c   0x0800470c   0x00000008   Code   RO          941    .text.HAL_TIM_OC_DelayElapsedCallback  stm32f0xx_hal_tim.o
    0x08004714   0x08004714   0x00000170   Code   RO          969    .text.HAL_TIM_PWM_ConfigChannel  stm32f0xx_hal_tim.o
    0x08004884   0x08004884   0x0000009e   Code   RO          857    .text.HAL_TIM_PWM_Init  stm32f0xx_hal_tim.o
    0x08004922   0x08004922   0x00000008   Code   RO          859    .text.HAL_TIM_PWM_MspInit  stm32f0xx_hal_tim.o
    0x0800492a   0x0800492a   0x00000002   PAD
    0x0800492c   0x0800492c   0x00000060   Code   RO           15    .text.HAL_TIM_PWM_PulseFinishedCallback  main.o
    0x0800498c   0x0800498c   0x00000204   Code   RO          869    .text.HAL_TIM_PWM_Start_IT  stm32f0xx_hal_tim.o
    0x08004b90   0x08004b90   0x000001b8   Code   RO          871    .text.HAL_TIM_PWM_Stop_IT  stm32f0xx_hal_tim.o
    0x08004d48   0x08004d48   0x00000170   Code   RO           17    .text.HAL_TIM_PeriodElapsedCallback  main.o
    0x08004eb8   0x08004eb8   0x00000008   Code   RO          947    .text.HAL_TIM_TriggerCallback  stm32f0xx_hal_tim.o
    0x08004ec0   0x08004ec0   0x00000004   Code   RO          162    .text.HardFault_Handler  stm32f0xx_it.o
    0x08004ec4   0x08004ec4   0x00000028   Code   RO          188    .text.I2C1_IRQHandler  stm32f0xx_it.o
    0x08004eec   0x08004eec   0x0000003e   Code   RO          480    .text.I2C_DMAAbort  stm32f0xx_hal_i2c.o
    0x08004f2a   0x08004f2a   0x00000026   Code   RO          428    .text.I2C_DMAError  stm32f0xx_hal_i2c.o
    0x08004f50   0x08004f50   0x0000004c   Code   RO          442    .text.I2C_DMASlaveReceiveCplt  stm32f0xx_hal_i2c.o
    0x08004f9c   0x08004f9c   0x00000042   Code   RO          438    .text.I2C_DMASlaveTransmitCplt  stm32f0xx_hal_i2c.o
    0x08004fde   0x08004fde   0x000000cc   Code   RO          478    .text.I2C_Disable_IRQ  stm32f0xx_hal_i2c.o
    0x080050aa   0x080050aa   0x00000002   PAD
    0x080050ac   0x080050ac   0x00000144   Code   RO          412    .text.I2C_Enable_IRQ  stm32f0xx_hal_i2c.o
    0x080051f0   0x080051f0   0x00000040   Code   RO          404    .text.I2C_Flush_TXDR  stm32f0xx_hal_i2c.o
    0x08005230   0x08005230   0x00000130   Code   RO          536    .text.I2C_ITAddrCplt  stm32f0xx_hal_i2c.o
    0x08005360   0x08005360   0x000001e8   Code   RO          498    .text.I2C_ITError   stm32f0xx_hal_i2c.o
    0x08005548   0x08005548   0x000000a0   Code   RO          532    .text.I2C_ITListenCplt  stm32f0xx_hal_i2c.o
    0x080055e8   0x080055e8   0x000001b4   Code   RO          528    .text.I2C_ITMasterCplt  stm32f0xx_hal_i2c.o
    0x0800579c   0x0800579c   0x0000007e   Code   RO          526    .text.I2C_ITMasterSeqCplt  stm32f0xx_hal_i2c.o
    0x0800581a   0x0800581a   0x00000002   PAD
    0x0800581c   0x0800581c   0x00000234   Code   RO          530    .text.I2C_ITSlaveCplt  stm32f0xx_hal_i2c.o
    0x08005a50   0x08005a50   0x000000ca   Code   RO          534    .text.I2C_ITSlaveSeqCplt  stm32f0xx_hal_i2c.o
    0x08005b1a   0x08005b1a   0x00000002   PAD
    0x08005b1c   0x08005b1c   0x00000228   Code   RO          424    .text.I2C_Master_ISR_DMA  stm32f0xx_hal_i2c.o
    0x08005d44   0x08005d44   0x00000278   Code   RO          460    .text.I2C_Mem_ISR_DMA  stm32f0xx_hal_i2c.o
    0x08005fbc   0x08005fbc   0x00000230   Code   RO          436    .text.I2C_Slave_ISR_DMA  stm32f0xx_hal_i2c.o
    0x080061ec   0x080061ec   0x00000248   Code   RO          418    .text.I2C_Slave_ISR_IT  stm32f0xx_hal_i2c.o
    0x08006434   0x08006434   0x00000054   Code   RO          392    .text.I2C_TransferConfig  stm32f0xx_hal_i2c.o
    0x08006488   0x08006488   0x00000052   Code   RO          538    .text.I2C_TreatErrorCallback  stm32f0xx_hal_i2c.o
    0x080064da   0x080064da   0x00000002   PAD
    0x080064dc   0x080064dc   0x00000078   Code   RO           96    .text.MX_ADC_Init   adc.o
    0x08006554   0x08006554   0x00000044   Code   RO          111    .text.MX_DMA_Init   dma.o
    0x08006598   0x08006598   0x00000148   Code   RO           88    .text.MX_GPIO_Init  gpio.o
    0x080066e0   0x080066e0   0x0000006c   Code   RO          119    .text.MX_I2C1_Init  i2c.o
    0x0800674c   0x0800674c   0x00000038   Code   RO          141    .text.MX_TIM14_Init  tim.o
    0x08006784   0x08006784   0x00000038   Code   RO          143    .text.MX_TIM16_Init  tim.o
    0x080067bc   0x080067bc   0x00000104   Code   RO          135    .text.MX_TIM1_Init  tim.o
    0x080068c0   0x080068c0   0x00000070   Code   RO          139    .text.MX_TIM3_Init  tim.o
    0x08006930   0x08006930   0x0000000a   Code   RO          160    .text.NMI_Handler   stm32f0xx_it.o
    0x0800693a   0x0800693a   0x00000002   Code   RO          166    .text.PendSV_Handler  stm32f0xx_it.o
    0x0800693c   0x0800693c   0x00000002   Code   RO          164    .text.SVC_Handler   stm32f0xx_it.o
    0x0800693e   0x0800693e   0x00000002   PAD
    0x08006940   0x08006940   0x00000050   Code   RO          640    .text.SysTick_Config  stm32f0xx_hal_cortex.o
    0x08006990   0x08006990   0x00000008   Code   RO          168    .text.SysTick_Handler  stm32f0xx_it.o
    0x08006998   0x08006998   0x00000094   Code   RO           29    .text.SystemClock_Config  main.o
    0x08006a2c   0x08006a2c   0x00000002   Code   RO         1139    .text.SystemInit    system_stm32f0xx.o
    0x08006a2e   0x08006a2e   0x00000002   PAD
    0x08006a30   0x08006a30   0x00000010   Code   RO          184    .text.TIM14_IRQHandler  stm32f0xx_it.o
    0x08006a40   0x08006a40   0x00000010   Code   RO          186    .text.TIM16_IRQHandler  stm32f0xx_it.o
    0x08006a50   0x08006a50   0x00000010   Code   RO          180    .text.TIM1_CC_IRQHandler  stm32f0xx_it.o
    0x08006a60   0x08006a60   0x00000010   Code   RO          182    .text.TIM3_IRQHandler  stm32f0xx_it.o
    0x08006a70   0x08006a70   0x000000e4   Code   RO          807    .text.TIM_Base_SetConfig  stm32f0xx_hal_tim.o
    0x08006b54   0x08006b54   0x00000032   Code   RO          841    .text.TIM_CCxChannelCmd  stm32f0xx_hal_tim.o
    0x08006b86   0x08006b86   0x00000032   Code   RO         1070    .text.TIM_CCxNChannelCmd  stm32f0xx_hal_tim_ex.o
    0x08006bb8   0x08006bb8   0x00000036   Code   RO          993    .text.TIM_ETR_SetConfig  stm32f0xx_hal_tim.o
    0x08006bee   0x08006bee   0x0000002a   Code   RO          999    .text.TIM_ITRx_SetConfig  stm32f0xx_hal_tim.o
    0x08006c18   0x08006c18   0x000000ec   Code   RO          951    .text.TIM_OC1_SetConfig  stm32f0xx_hal_tim.o
    0x08006d04   0x08006d04   0x00000118   Code   RO          953    .text.TIM_OC2_SetConfig  stm32f0xx_hal_tim.o
    0x08006e1c   0x08006e1c   0x00000108   Code   RO          955    .text.TIM_OC3_SetConfig  stm32f0xx_hal_tim.o
    0x08006f24   0x08006f24   0x000000b8   Code   RO          957    .text.TIM_OC4_SetConfig  stm32f0xx_hal_tim.o
    0x08006fdc   0x08006fdc   0x00000050   Code   RO          997    .text.TIM_TI1_ConfigInputStage  stm32f0xx_hal_tim.o
    0x0800702c   0x0800702c   0x00000054   Code   RO         1001    .text.TIM_TI2_ConfigInputStage  stm32f0xx_hal_tim.o
    0x08007080   0x08007080   0x0000002c   Code   RO          628    .text.__NVIC_EnableIRQ  stm32f0xx_hal_cortex.o
    0x080070ac   0x080070ac   0x00000084   Code   RO          624    .text.__NVIC_SetPriority  stm32f0xx_hal_cortex.o
    0x08007130   0x08007130   0x0000000e   Code   RO           19    .text.bintogray     main.o
    0x0800713e   0x0800713e   0x00000002   PAD
    0x08007140   0x08007140   0x00000374   Code   RO           27    .text.main          main.o
    0x080074b4   0x080074b4   0x00000016   Code   RO         1190    i._fgeq             fz_ps.l(fcmp.o)
    0x080074ca   0x080074ca   0x0000001a   Code   RO         1192    i._fleq             fz_ps.l(fcmp.o)
    0x080074e4   0x080074e4   0x0000008c   Code   RO         1183    x$fpl$fadd          fz_ps.l(faddsub.o)
    0x08007570   0x08007570   0x00000054   Code   RO         1221    x$fpl$fgeqf         fz_ps.l(fgef.o)
    0x080075c4   0x080075c4   0x00000054   Code   RO         1223    x$fpl$fleqf         fz_ps.l(flef.o)
    0x08007618   0x08007618   0x000000b0   Code   RO         1208    x$fpl$fmul          fz_ps.l(fmul.o)
    0x080076c8   0x080076c8   0x000000d0   Code   RO         1185    x$fpl$fsub          fz_ps.l(faddsub.o)
    0x08007798   0x08007798   0x00000000   Code   RO         1225    x$fpl$usenofp       fz_ps.l(usenofp.o)
    0x08007798   0x08007798   0x00000080   Data   RO         1175    .constdata          fz_ps.l(ddiv.o)
    0x08007818   0x08007818   0x00000040   Data   RO         1202    .constdata          fz_ps.l(fdiv.o)
    0x08007858   0x08007858   0x00000010   Data   RO         1144    .rodata.AHBPrescTable  system_stm32f0xx.o
    0x08007868   0x08007868   0x00000010   Data   RO          302    .rodata.HAL_RCC_GetSysClockFreq.aPLLMULFactorTable  stm32f0xx_hal_rcc.o
    0x08007878   0x08007878   0x00000010   Data   RO          303    .rodata.HAL_RCC_GetSysClockFreq.aPredivFactorTable  stm32f0xx_hal_rcc.o
    0x08007888   0x08007888   0x00000020   Data   RO         1403    Region$$Table       anon$$obj.o


    Execution Region RW_IRAM1 (Exec base: 0x20000000, Load base: 0x080078a8, Size: 0x00000a10, Max: 0x00001000, ABSOLUTE)

    Exec Addr    Load Addr    Size         Type   Attr      Idx    E Section Name        Object

    0x20000000   0x080078a8   0x00000002   Data   RW           49    .data.ACSoffset     main.o
    0x20000002   0x080078aa   0x00000002   PAD
    0x20000004   0x080078ac   0x00000004   Data   RW         1143    .data.SystemCoreClock  system_stm32f0xx.o
    0x20000008   0x080078b0   0x00000002   Data   RW           48    .data.mVperAmp      main.o
    0x2000000a   0x080078b2   0x00000001   Data   RW          371    .data.uwTickFreq    stm32f0xx_hal.o
    0x2000000b   0x080078b3   0x00000001   PAD
    0x2000000c   0x080078b4   0x00000004   Data   RW          370    .data.uwTickPrio    stm32f0xx_hal.o
    0x20000010        -       0x00000060   Zero   RW         1265    .bss                c_p.l(libspace.o)
    0x20000070        -       0x00000001   Zero   RW           41    .bss.AdcConvCplt    main.o
    0x20000071        -       0x00000001   Zero   RW           42    .bss.AdcConvStart   main.o
    0x20000072        -       0x00000001   Zero   RW           57    .bss.AlarmCount     main.o
    0x20000073        -       0x00000001   Zero   RW           43    .bss.Autochange     main.o
    0x20000074        -       0x00000004   Zero   RW           69    .bss.AvgTuneCurrent  main.o
    0x20000078        -       0x00000004   Zero   RW           58    .bss.MaxTune        main.o
    0x2000007c        -       0x00000001   Zero   RW           40    .bss.MaxTuneIdx     main.o
    0x2000007d   0x080078b8   0x00000001   PAD
    0x2000007e        -       0x00000002   Zero   RW           59    .bss.MaxTuneValue   main.o
    0x20000080        -       0x00000004   Zero   RW           53    .bss.PRESSED_KEY    main.o
    0x20000084        -       0x00000002   Zero   RW           38    .bss.ReceiveData    main.o
    0x20000086        -       0x00000002   Zero   RW           68    .bss.SumTune        main.o
    0x20000088        -       0x00000004   Zero   RW           67    .bss.SumTuneCurrent  main.o
    0x2000008c        -       0x000000c8   Zero   RW           60    .bss.Tune           main.o
    0x20000154        -       0x00000004   Zero   RW           64    .bss.TuneCurrent    main.o
    0x20000158        -       0x00000002   Zero   RW           65    .bss.TuneValue      main.o
    0x2000015a   0x080078b8   0x00000002   PAD
    0x2000015c        -       0x00000004   Zero   RW           62    .bss.TuneVoltage3   main.o
    0x20000160        -       0x00000004   Zero   RW           63    .bss.TuneVoltage5   main.o
    0x20000164        -       0x00000004   Zero   RW           61    .bss.adcFilter      main.o
    0x20000168        -       0x00000001   Zero   RW           44    .bss.completeSearch  main.o
    0x20000169   0x080078b8   0x00000003   PAD
    0x2000016c        -       0x00000040   Zero   RW          102    .bss.hadc           adc.o
    0x200001ac        -       0x00000044   Zero   RW          103    .bss.hdma_adc       adc.o
    0x200001f0        -       0x00000044   Zero   RW          126    .bss.hdma_i2c1_rx   i2c.o
    0x20000234        -       0x00000044   Zero   RW          127    .bss.hdma_i2c1_tx   i2c.o
    0x20000278        -       0x00000054   Zero   RW          125    .bss.hi2c1          i2c.o
    0x200002cc        -       0x00000048   Zero   RW          149    .bss.htim1          tim.o
    0x20000314        -       0x00000048   Zero   RW          151    .bss.htim14         tim.o
    0x2000035c        -       0x00000048   Zero   RW          152    .bss.htim16         tim.o
    0x200003a4        -       0x00000048   Zero   RW          150    .bss.htim3          tim.o
    0x200003ec        -       0x00000001   Zero   RW           46    .bss.i              main.o
    0x200003ed   0x080078b8   0x00000003   PAD
    0x200003f0        -       0x00000004   Zero   RW           52    .bss.last_press_tick  main.o
    0x200003f4        -       0x00000002   Zero   RW           66    .bss.maxTune        main.o
    0x200003f6   0x080078b8   0x00000002   PAD
    0x200003f8        -       0x00000004   Zero   RW           54    .bss.pulse          main.o
    0x200003fc        -       0x00000005   Zero   RW           47    .bss.receivingBuffer  main.o
    0x20000401        -       0x00000001   Zero   RW           39    .bss.state          main.o
    0x20000402   0x080078b8   0x00000002   PAD
    0x20000404        -       0x00000004   Zero   RW           55    .bss.temp1          main.o
    0x20000408        -       0x00000004   Zero   RW           56    .bss.temp2          main.o
    0x2000040c        -       0x00000004   Zero   RW          372    .bss.uwTick         stm32f0xx_hal.o
    0x20000410        -       0x00000200   Zero   RW            2    HEAP                startup_stm32f030x6.o
    0x20000610        -       0x00000400   Zero   RW            1    STACK               startup_stm32f030x6.o


==============================================================================

Image component sizes


      Code (inc. data)   RO Data    RW Data    ZI Data      Debug   Object Name

       332         28          0          0        132       4820   adc.o
        68          0          0          0          0       1506   dma.o
       328          8          0          0          0       2298   gpio.o
       384         40          0          0        220       5314   i2c.o
      1964        256          0          4        271      11162   main.o
        56         26        176          0       1536        612   startup_stm32f030x6.o
       176         24          0          5          4       4989   stm32f0xx_hal.o
      2362         60          0          0          0       9970   stm32f0xx_hal_adc.o
       336          0          0          0          0       3247   stm32f0xx_hal_adc_ex.o
       322         24          0          0          0       4977   stm32f0xx_hal_cortex.o
       926         12          0          0          0       6273   stm32f0xx_hal_dma.o
       868         40          0          0          0       4482   stm32f0xx_hal_gpio.o
      7086        108          0          0          0      36788   stm32f0xx_hal_i2c.o
       310          0          0          0          0       4765   stm32f0xx_hal_i2c_ex.o
        56          4          0          0          0       1021   stm32f0xx_hal_msp.o
      2394        100         32          0          0       7460   stm32f0xx_hal_rcc.o
       412         16          0          0          0       2895   stm32f0xx_hal_rcc_ex.o
      4418        236          0          0          0      36862   stm32f0xx_hal_tim.o
      1176          8          0          0          0      15497   stm32f0xx_hal_tim_ex.o
       222         36          0          0          0       1829   stm32f0xx_it.o
         2          0         16          4          0       1579   system_stm32f0xx.o
       836         40          0          0        288       7201   tim.o

    ----------------------------------------------------------------------
     25064       1066        256         16       2464     175547   Object Totals
         0          0         32          0          0          0   (incl. Generated)
        30          0          0          3         13          0   (incl. Padding)

    ----------------------------------------------------------------------

      Code (inc. data)   RO Data    RW Data    ZI Data      Debug   Library Member Name

         8          0          0          0          0         68   __main.o
         0          0          0          0          0          0   __rtentry.o
        12          0          0          0          0          0   __rtentry2.o
         6          0          0          0          0          0   __rtentry4.o
        60          8          0          0          0          0   __scatter.o
        26          0          0          0          0          0   __scatter_copy.o
        28          0          0          0          0          0   __scatter_zi.o
       364          4          0          0          0         92   aeabi_sdiv.o
        16          0          0          0          0         68   exit.o
         6          0          0          0          0        136   heapauxi.o
         0          0          0          0          0          0   indicate_semi.o
         2          0          0          0          0          0   libinit.o
         2          0          0          0          0          0   libinit2.o
         2          0          0          0          0          0   libshutdown.o
         2          0          0          0          0          0   libshutdown2.o
         8          4          0          0         96         68   libspace.o
        48          0          0          0          0         72   llmul.o
       272          0          0          0          0         88   lludiv.o
        64          0          0          0          0        108   rt_memclr.o
         2          0          0          0          0          0   rtexit.o
        10          0          0          0          0          0   rtexit2.o
        12          4          0          0          0         60   sys_exit.o
        62          0          0          0          0         80   sys_stackheap_outer.o
         2          0          0          0          0         68   use_no_semi.o
        46          0          0          0          0         60   cmpret.o
       124          4          0          0          0         72   d2f.o
       856         20          0          0          0        208   daddsub.o
      1096         26        128          0          0        112   ddiv.o
        88          0          0          0          0         92   dflti.o
       584         26          0          0          0         84   dmul.o
        84          4          0          0          0         60   f2d.o
       348          8          0          0          0        160   faddsub.o
        48          0          0          0          0        136   fcmp.o
       100          4          0          0          0         68   fcmpin.o
       352         10         64          0          0         92   fdiv.o
        76          0          0          0          0         68   ffixi.o
        94          0          0          0          0         92   fflti.o
        84          4          0          0          0         76   fgef.o
        84          4          0          0          0         76   flef.o
       176          4          0          0          0         80   fmul.o
        16          6          0          0          0         68   fnan2.o
        94          0          0          0          0         68   retnan.o
         0          0          0          0          0          0   usenofp.o

    ----------------------------------------------------------------------
      5376        140        192          0         96       2580   Library Totals
        12          0          0          0          0          0   (incl. Padding)

    ----------------------------------------------------------------------

      Code (inc. data)   RO Data    RW Data    ZI Data      Debug   Library Name

      1014         20          0          0         96        908   c_p.l
      4350        120        192          0          0       1672   fz_ps.l

    ----------------------------------------------------------------------
      5376        140        192          0         96       2580   Library Totals

    ----------------------------------------------------------------------

==============================================================================


      Code (inc. data)   RO Data    RW Data    ZI Data      Debug   

     30440       1206        448         16       2560     176531   Grand Totals
     30440       1206        448         16       2560     176531   ELF Image Totals
     30440       1206        448         16          0          0   ROM Totals

==============================================================================

    Total RO  Size (Code + RO Data)                30888 (  30.16kB)
    Total RW  Size (RW Data + ZI Data)              2576 (   2.52kB)
    Total ROM Size (Code + RO Data + RW Data)      30904 (  30.18kB)

==============================================================================

